12:11:34 **** Clean-only build of configuration Debug for project Consolidated_330_SW ****
make clean 
rm -rf  ./supportFiles/Adafruit_GFX.o ./supportFiles/Adafruit_STMPE610.o ./supportFiles/Adafruit_TFTLCD.o ./supportFiles/Print.o ./supportFiles/WString.o ./supportFiles/buttons.o ./supportFiles/circularBuffer.o ./supportFiles/display.o ./supportFiles/glcdfont.o ./supportFiles/globalTimer.o ./supportFiles/interrupts.o ./supportFiles/intervalTimer.o ./supportFiles/lcd.o ./supportFiles/leds.o ./supportFiles/mio.o ./supportFiles/new.o ./supportFiles/spi.o ./supportFiles/switches.o ./supportFiles/utils.o  ./src/Queue/.metadata/.plugins/org.eclipse.cdt.make.core/specs.o  ./src/Queue/queue.o  ./src/Milestone_3/detector.o ./src/Milestone_3/filter.o ./src/Milestone_3/histogram.o ./src/Milestone_3/hitLedTimer.o ./src/Milestone_3/isr.o ./src/Milestone_3/lockoutTimer.o ./src/Milestone_3/main.o ./src/Milestone_3/transmitter.o ./src/Milestone_3/trigger.o  ./supportFiles/buttons.d ./supportFiles/circularBuffer.d ./supportFiles/glcdfont.d ./supportFiles/globalTimer.d ./supportFiles/interrupts.d ./supportFiles/intervalTimer.d ./supportFiles/lcd.d ./supportFiles/leds.d ./supportFiles/mio.d ./supportFiles/spi.d ./supportFiles/switches.d  ./src/Queue/.metadata/.plugins/org.eclipse.cdt.make.core/specs.d  ./src/Queue/queue.d  ./src/Milestone_3/detector.d ./src/Milestone_3/filter.d ./src/Milestone_3/histogram.d ./src/Milestone_3/hitLedTimer.d ./src/Milestone_3/isr.d ./src/Milestone_3/lockoutTimer.d ./src/Milestone_3/main.d ./src/Milestone_3/transmitter.d ./src/Milestone_3/trigger.d  ./supportFiles/Adafruit_GFX.d ./supportFiles/Adafruit_STMPE610.d ./supportFiles/Adafruit_TFTLCD.d ./supportFiles/Print.d ./supportFiles/WString.d ./supportFiles/display.d ./supportFiles/new.d ./supportFiles/utils.d  ./src/Queue/.metadata/.plugins/org.eclipse.cdt.make.core/specs.d  Consolidated_330_SW.elf.size  Consolidated_330_SW.elf
' '
12:11:36 **** Clean-only build of project HW3_bsp ****
make -k clean 
rm -rf 
12:11:37 **** Build of configuration Debug for project Consolidated_330_SW ****
make all 
'Building file: ../supportFiles/Adafruit_GFX.cpp'
'Invoking: ARM g++ compiler'
arm-xilinx-eabi-g++ -Wall -O3 -finline-functions -g3 -I"F:\ECEn390\myLaserTag\Consolidated_330_SW" -c -fmessage-length=0 -MT"supportFiles/Adafruit_GFX.o" -I../../HW3_bsp/ps7_cortexa9_0/include -MMD -MP -MF"supportFiles/Adafruit_GFX.d" -MT"supportFiles/Adafruit_GFX.d" -o "supportFiles/Adafruit_GFX.o" "../supportFiles/Adafruit_GFX.cpp"
'Finished building: ../supportFiles/Adafruit_GFX.cpp'
' '
'Building file: ../supportFiles/Adafruit_STMPE610.cpp'
'Invoking: ARM g++ compiler'
arm-xilinx-eabi-g++ -Wall -O3 -finline-functions -g3 -I"F:\ECEn390\myLaserTag\Consolidated_330_SW" -c -fmessage-length=0 -MT"supportFiles/Adafruit_STMPE610.o" -I../../HW3_bsp/ps7_cortexa9_0/include -MMD -MP -MF"supportFiles/Adafruit_STMPE610.d" -MT"supportFiles/Adafruit_STMPE610.d" -o "supportFiles/Adafruit_STMPE610.o" "../supportFiles/Adafruit_STMPE610.cpp"
'Finished building: ../supportFiles/Adafruit_STMPE610.cpp'
' '
'Building file: ../supportFiles/Adafruit_TFTLCD.cpp'
'Invoking: ARM g++ compiler'
arm-xilinx-eabi-g++ -Wall -O3 -finline-functions -g3 -I"F:\ECEn390\myLaserTag\Consolidated_330_SW" -c -fmessage-length=0 -MT"supportFiles/Adafruit_TFTLCD.o" -I../../HW3_bsp/ps7_cortexa9_0/include -MMD -MP -MF"supportFiles/Adafruit_TFTLCD.d" -MT"supportFiles/Adafruit_TFTLCD.d" -o "supportFiles/Adafruit_TFTLCD.o" "../supportFiles/Adafruit_TFTLCD.cpp"
../supportFiles/Adafruit_TFTLCD.cpp: In member function 'void Adafruit_TFTLCD::begin(short unsigned int)':
../supportFiles/Adafruit_TFTLCD.cpp:256:14: warning: unused variable 'a' [-Wunused-variable]
     uint16_t a, d;
              ^
../supportFiles/Adafruit_TFTLCD.cpp:256:17: warning: unused variable 'd' [-Wunused-variable]
     uint16_t a, d;
                 ^
../supportFiles/Adafruit_TFTLCD.cpp: In member function 'void Adafruit_TFTLCD::setRotation(unsigned char)':
../supportFiles/Adafruit_TFTLCD.cpp:753:13: warning: 't' may be used uninitialized in this function [-Wmaybe-uninitialized]
    uint16_t t;
             ^
'Finished building: ../supportFiles/Adafruit_TFTLCD.cpp'
' '
'Building file: ../supportFiles/Print.cpp'
'Invoking: ARM g++ compiler'
arm-xilinx-eabi-g++ -Wall -O3 -finline-functions -g3 -I"F:\ECEn390\myLaserTag\Consolidated_330_SW" -c -fmessage-length=0 -MT"supportFiles/Print.o" -I../../HW3_bsp/ps7_cortexa9_0/include -MMD -MP -MF"supportFiles/Print.d" -MT"supportFiles/Print.d" -o "supportFiles/Print.o" "../supportFiles/Print.cpp"
'Finished building: ../supportFiles/Print.cpp'
' '
'Building file: ../supportFiles/WString.cpp'
'Invoking: ARM g++ compiler'
arm-xilinx-eabi-g++ -Wall -O3 -finline-functions -g3 -I"F:\ECEn390\myLaserTag\Consolidated_330_SW" -c -fmessage-length=0 -MT"supportFiles/WString.o" -I../../HW3_bsp/ps7_cortexa9_0/include -MMD -MP -MF"supportFiles/WString.d" -MT"supportFiles/WString.d" -o "supportFiles/WString.o" "../supportFiles/WString.cpp"
'Finished building: ../supportFiles/WString.cpp'
' '
'Building file: ../supportFiles/buttons.c'
'Invoking: ARM g++ compiler'
arm-xilinx-eabi-g++ -Wall -O3 -finline-functions -g3 -I"F:\ECEn390\myLaserTag\Consolidated_330_SW" -c -fmessage-length=0 -MT"supportFiles/buttons.o" -I../../HW3_bsp/ps7_cortexa9_0/include -MMD -MP -MF"supportFiles/buttons.d" -MT"supportFiles/buttons.d" -o "supportFiles/buttons.o" "../supportFiles/buttons.c"
'Finished building: ../supportFiles/buttons.c'
' '
'Building file: ../supportFiles/circularBuffer.c'
'Invoking: ARM g++ compiler'
arm-xilinx-eabi-g++ -Wall -O3 -finline-functions -g3 -I"F:\ECEn390\myLaserTag\Consolidated_330_SW" -c -fmessage-length=0 -MT"supportFiles/circularBuffer.o" -I../../HW3_bsp/ps7_cortexa9_0/include -MMD -MP -MF"supportFiles/circularBuffer.d" -MT"supportFiles/circularBuffer.d" -o "supportFiles/circularBuffer.o" "../supportFiles/circularBuffer.c"
'Finished building: ../supportFiles/circularBuffer.c'
' '
'Building file: ../supportFiles/display.cpp'
'Invoking: ARM g++ compiler'
arm-xilinx-eabi-g++ -Wall -O3 -finline-functions -g3 -I"F:\ECEn390\myLaserTag\Consolidated_330_SW" -c -fmessage-length=0 -MT"supportFiles/display.o" -I../../HW3_bsp/ps7_cortexa9_0/include -MMD -MP -MF"supportFiles/display.d" -MT"supportFiles/display.d" -o "supportFiles/display.o" "../supportFiles/display.cpp"
'Finished building: ../supportFiles/display.cpp'
' '
'Building file: ../supportFiles/glcdfont.c'
'Invoking: ARM g++ compiler'
arm-xilinx-eabi-g++ -Wall -O3 -finline-functions -g3 -I"F:\ECEn390\myLaserTag\Consolidated_330_SW" -c -fmessage-length=0 -MT"supportFiles/glcdfont.o" -I../../HW3_bsp/ps7_cortexa9_0/include -MMD -MP -MF"supportFiles/glcdfont.d" -MT"supportFiles/glcdfont.d" -o "supportFiles/glcdfont.o" "../supportFiles/glcdfont.c"
'Finished building: ../supportFiles/glcdfont.c'
' '
'Building file: ../supportFiles/globalTimer.c'
'Invoking: ARM g++ compiler'
arm-xilinx-eabi-g++ -Wall -O3 -finline-functions -g3 -I"F:\ECEn390\myLaserTag\Consolidated_330_SW" -c -fmessage-length=0 -MT"supportFiles/globalTimer.o" -I../../HW3_bsp/ps7_cortexa9_0/include -MMD -MP -MF"supportFiles/globalTimer.d" -MT"supportFiles/globalTimer.d" -o "supportFiles/globalTimer.o" "../supportFiles/globalTimer.c"
'Finished building: ../supportFiles/globalTimer.c'
' '
'Building file: ../supportFiles/interrupts.c'
'Invoking: ARM g++ compiler'
arm-xilinx-eabi-g++ -Wall -O3 -finline-functions -g3 -I"F:\ECEn390\myLaserTag\Consolidated_330_SW" -c -fmessage-length=0 -MT"supportFiles/interrupts.o" -I../../HW3_bsp/ps7_cortexa9_0/include -MMD -MP -MF"supportFiles/interrupts.d" -MT"supportFiles/interrupts.d" -o "supportFiles/interrupts.o" "../supportFiles/interrupts.c"
'Finished building: ../supportFiles/interrupts.c'
' '
'Building file: ../supportFiles/intervalTimer.c'
'Invoking: ARM g++ compiler'
arm-xilinx-eabi-g++ -Wall -O3 -finline-functions -g3 -I"F:\ECEn390\myLaserTag\Consolidated_330_SW" -c -fmessage-length=0 -MT"supportFiles/intervalTimer.o" -I../../HW3_bsp/ps7_cortexa9_0/include -MMD -MP -MF"supportFiles/intervalTimer.d" -MT"supportFiles/intervalTimer.d" -o "supportFiles/intervalTimer.o" "../supportFiles/intervalTimer.c"
../supportFiles/intervalTimer.c: In function 'u32 intervalTimer_getTimerBaseAddress(u32)':
../supportFiles/intervalTimer.c:30:10: warning: 'timerBaseAddress' may be used uninitialized in this function [-Wmaybe-uninitialized]
   return timerBaseAddress;
          ^
../supportFiles/intervalTimer.c: In function 'u32 intervalTimer_writeRegister(u32, u32, u32)':
../supportFiles/intervalTimer.c:36:53: warning: 'timerBaseAddress' may be used uninitialized in this function [-Wmaybe-uninitialized]
   Xil_Out32((timerBaseAddress+registerOffset), value);
                                                     ^
../supportFiles/intervalTimer.c: In function 'u32 intervalTimer_readRegister(u32, u32)':
../supportFiles/intervalTimer.c:43:52: warning: 'timerBaseAddress' may be used uninitialized in this function [-Wmaybe-uninitialized]
   return Xil_In32((timerBaseAddress+registerOffset));
                                                    ^
../supportFiles/intervalTimer.c: In function 'u32 intervalTimer_start(u32)':
../supportFiles/intervalTimer.c:36:54: warning: 'timerBaseAddress' may be used uninitialized in this function [-Wmaybe-uninitialized]
   Xil_Out32((timerBaseAddress+registerOffset), value);
                                                      ^
../supportFiles/intervalTimer.c:14:7: note: 'timerBaseAddress' was declared here
   u32 timerBaseAddress;
       ^
../supportFiles/intervalTimer.c: In function 'u32 intervalTimer_stop(u32)':
../supportFiles/intervalTimer.c:36:54: warning: 'timerBaseAddress' may be used uninitialized in this function [-Wmaybe-uninitialized]
   Xil_Out32((timerBaseAddress+registerOffset), value);
                                                      ^
../supportFiles/intervalTimer.c:14:7: note: 'timerBaseAddress' was declared here
   u32 timerBaseAddress;
       ^
../supportFiles/intervalTimer.c: In function 'u32 intervalTimer_init(u32)':
../supportFiles/intervalTimer.c:36:54: warning: 'timerBaseAddress' may be used uninitialized in this function [-Wmaybe-uninitialized]
   Xil_Out32((timerBaseAddress+registerOffset), value);
                                                      ^
../supportFiles/intervalTimer.c:14:7: note: 'timerBaseAddress' was declared here
   u32 timerBaseAddress;
       ^
../supportFiles/intervalTimer.c: In function 'u32 intervalTimer_reset(u32)':
../supportFiles/intervalTimer.c:14:7: warning: 'timerBaseAddress' may be used uninitialized in this function [-Wmaybe-uninitialized]
../supportFiles/intervalTimer.c: In function 'u32 intervalTimer_test(u32)':
../supportFiles/intervalTimer.c:14:7: warning: 'timerBaseAddress' may be used uninitialized in this function [-Wmaybe-uninitialized]
../supportFiles/intervalTimer.c:14:7: warning: 'timerBaseAddress' may be used uninitialized in this function [-Wmaybe-uninitialized]
../supportFiles/intervalTimer.c:36:54: warning: 'timerBaseAddress' may be used uninitialized in this function [-Wmaybe-uninitialized]
   Xil_Out32((timerBaseAddress+registerOffset), value);
                                                      ^
../supportFiles/intervalTimer.c:14:7: note: 'timerBaseAddress' was declared here
   u32 timerBaseAddress;
       ^
../supportFiles/intervalTimer.c: In function 'u64 intervalTimer_get64BitCounterValue(u32)':
../supportFiles/intervalTimer.c:14:7: warning: 'timerBaseAddress' may be used uninitialized in this function [-Wmaybe-uninitialized]
../supportFiles/intervalTimer.c: In function 'u32 intervalTimer_getLower32BitCounterValue(u32)':
../supportFiles/intervalTimer.c:14:7: warning: 'timerBaseAddress' may be used uninitialized in this function [-Wmaybe-uninitialized]
../supportFiles/intervalTimer.c: In function 'u32 intervalTimer_getTotalDurationInSeconds(u32, double*)':
../supportFiles/intervalTimer.c:14:7: warning: 'timerBaseAddress' may be used uninitialized in this function [-Wmaybe-uninitialized]
'Finished building: ../supportFiles/intervalTimer.c'
' '
'Building file: ../supportFiles/lcd.c'
'Invoking: ARM g++ compiler'
arm-xilinx-eabi-g++ -Wall -O3 -finline-functions -g3 -I"F:\ECEn390\myLaserTag\Consolidated_330_SW" -c -fmessage-length=0 -MT"supportFiles/lcd.o" -I../../HW3_bsp/ps7_cortexa9_0/include -MMD -MP -MF"supportFiles/lcd.d" -MT"supportFiles/lcd.d" -o "supportFiles/lcd.o" "../supportFiles/lcd.c"
'Finished building: ../supportFiles/lcd.c'
' '
'Building file: ../supportFiles/leds.c'
'Invoking: ARM g++ compiler'
arm-xilinx-eabi-g++ -Wall -O3 -finline-functions -g3 -I"F:\ECEn390\myLaserTag\Consolidated_330_SW" -c -fmessage-length=0 -MT"supportFiles/leds.o" -I../../HW3_bsp/ps7_cortexa9_0/include -MMD -MP -MF"supportFiles/leds.d" -MT"supportFiles/leds.d" -o "supportFiles/leds.o" "../supportFiles/leds.c"
'Finished building: ../supportFiles/leds.c'
' '
'Building file: ../supportFiles/mio.c'
'Invoking: ARM g++ compiler'
arm-xilinx-eabi-g++ -Wall -O3 -finline-functions -g3 -I"F:\ECEn390\myLaserTag\Consolidated_330_SW" -c -fmessage-length=0 -MT"supportFiles/mio.o" -I../../HW3_bsp/ps7_cortexa9_0/include -MMD -MP -MF"supportFiles/mio.d" -MT"supportFiles/mio.d" -o "supportFiles/mio.o" "../supportFiles/mio.c"
'Finished building: ../supportFiles/mio.c'
' '
'Building file: ../supportFiles/new.cpp'
'Invoking: ARM g++ compiler'
arm-xilinx-eabi-g++ -Wall -O3 -finline-functions -g3 -I"F:\ECEn390\myLaserTag\Consolidated_330_SW" -c -fmessage-length=0 -MT"supportFiles/new.o" -I../../HW3_bsp/ps7_cortexa9_0/include -MMD -MP -MF"supportFiles/new.d" -MT"supportFiles/new.d" -o "supportFiles/new.o" "../supportFiles/new.cpp"
'Finished building: ../supportFiles/new.cpp'
' '
'Building file: ../supportFiles/spi.c'
'Invoking: ARM g++ compiler'
arm-xilinx-eabi-g++ -Wall -O3 -finline-functions -g3 -I"F:\ECEn390\myLaserTag\Consolidated_330_SW" -c -fmessage-length=0 -MT"supportFiles/spi.o" -I../../HW3_bsp/ps7_cortexa9_0/include -MMD -MP -MF"supportFiles/spi.d" -MT"supportFiles/spi.d" -o "supportFiles/spi.o" "../supportFiles/spi.c"
'Finished building: ../supportFiles/spi.c'
' '
'Building file: ../supportFiles/switches.c'
'Invoking: ARM g++ compiler'
arm-xilinx-eabi-g++ -Wall -O3 -finline-functions -g3 -I"F:\ECEn390\myLaserTag\Consolidated_330_SW" -c -fmessage-length=0 -MT"supportFiles/switches.o" -I../../HW3_bsp/ps7_cortexa9_0/include -MMD -MP -MF"supportFiles/switches.d" -MT"supportFiles/switches.d" -o "supportFiles/switches.o" "../supportFiles/switches.c"
'Finished building: ../supportFiles/switches.c'
' '
'Building file: ../supportFiles/utils.cpp'
'Invoking: ARM g++ compiler'
arm-xilinx-eabi-g++ -Wall -O3 -finline-functions -g3 -I"F:\ECEn390\myLaserTag\Consolidated_330_SW" -c -fmessage-length=0 -MT"supportFiles/utils.o" -I../../HW3_bsp/ps7_cortexa9_0/include -MMD -MP -MF"supportFiles/utils.d" -MT"supportFiles/utils.d" -o "supportFiles/utils.o" "../supportFiles/utils.cpp"
'Finished building: ../supportFiles/utils.cpp'
' '
'Building file: ../src/Queue/.metadata/.plugins/org.eclipse.cdt.make.core/specs.c'
'Invoking: ARM g++ compiler'
arm-xilinx-eabi-g++ -Wall -O3 -finline-functions -g3 -I"F:\ECEn390\myLaserTag\Consolidated_330_SW" -c -fmessage-length=0 -MT"src/Queue/.metadata/.plugins/org.eclipse.cdt.make.core/specs.o" -I../../HW3_bsp/ps7_cortexa9_0/include -MMD -MP -MF"src/Queue/.metadata/.plugins/org.eclipse.cdt.make.core/specs.d" -MT"src/Queue/.metadata/.plugins/org.eclipse.cdt.make.core/specs.d" -o "src/Queue/.metadata/.plugins/org.eclipse.cdt.make.core/specs.o" "../src/Queue/.metadata/.plugins/org.eclipse.cdt.make.core/specs.c"
'Finished building: ../src/Queue/.metadata/.plugins/org.eclipse.cdt.make.core/specs.c'
' '
'Building file: ../src/Queue/queue.c'
'Invoking: ARM g++ compiler'
arm-xilinx-eabi-g++ -Wall -O3 -finline-functions -g3 -I"F:\ECEn390\myLaserTag\Consolidated_330_SW" -c -fmessage-length=0 -MT"src/Queue/queue.o" -I../../HW3_bsp/ps7_cortexa9_0/include -MMD -MP -MF"src/Queue/queue.d" -MT"src/Queue/queue.d" -o "src/Queue/queue.o" "../src/Queue/queue.c"
'Finished building: ../src/Queue/queue.c'
' '
'Building file: ../src/Milestone_3/detector.c'
'Invoking: ARM g++ compiler'
arm-xilinx-eabi-g++ -Wall -O3 -finline-functions -g3 -I"F:\ECEn390\myLaserTag\Consolidated_330_SW" -c -fmessage-length=0 -MT"src/Milestone_3/detector.o" -I../../HW3_bsp/ps7_cortexa9_0/include -MMD -MP -MF"src/Milestone_3/detector.d" -MT"src/Milestone_3/detector.d" -o "src/Milestone_3/detector.o" "../src/Milestone_3/detector.c"
../src/Milestone_3/detector.c: In function 'queue_t* detector_getDebugQueue()':
../src/Milestone_3/detector.c:45:1: warning: no return statement in function returning non-void [-Wreturn-type]
 }
 ^
'Finished building: ../src/Milestone_3/detector.c'
' '
'Building file: ../src/Milestone_3/filter.c'
'Invoking: ARM g++ compiler'
arm-xilinx-eabi-g++ -Wall -O3 -finline-functions -g3 -I"F:\ECEn390\myLaserTag\Consolidated_330_SW" -c -fmessage-length=0 -MT"src/Milestone_3/filter.o" -I../../HW3_bsp/ps7_cortexa9_0/include -MMD -MP -MF"src/Milestone_3/filter.d" -MT"src/Milestone_3/filter.d" -o "src/Milestone_3/filter.o" "../src/Milestone_3/filter.c"
../src/Milestone_3/filter.c: In function 'void filter_runTest()':
../src/Milestone_3/filter.c:342:13: warning: unused variable 'count' [-Wunused-variable]
  static int count = 0;
             ^
'Finished building: ../src/Milestone_3/filter.c'
' '
'Building file: ../src/Milestone_3/histogram.c'
'Invoking: ARM g++ compiler'
arm-xilinx-eabi-g++ -Wall -O3 -finline-functions -g3 -I"F:\ECEn390\myLaserTag\Consolidated_330_SW" -c -fmessage-length=0 -MT"src/Milestone_3/histogram.o" -I../../HW3_bsp/ps7_cortexa9_0/include -MMD -MP -MF"src/Milestone_3/histogram.d" -MT"src/Milestone_3/histogram.d" -o "src/Milestone_3/histogram.o" "../src/Milestone_3/histogram.c"
../src/Milestone_3/histogram.c:2:2: warning: "/*" within comment [-Wcomment]
  /*
 ^
'Finished building: ../src/Milestone_3/histogram.c'
' '
'Building file: ../src/Milestone_3/hitLedTimer.c'
'Invoking: ARM g++ compiler'
arm-xilinx-eabi-g++ -Wall -O3 -finline-functions -g3 -I"F:\ECEn390\myLaserTag\Consolidated_330_SW" -c -fmessage-length=0 -MT"src/Milestone_3/hitLedTimer.o" -I../../HW3_bsp/ps7_cortexa9_0/include -MMD -MP -MF"src/Milestone_3/hitLedTimer.d" -MT"src/Milestone_3/hitLedTimer.d" -o "src/Milestone_3/hitLedTimer.o" "../src/Milestone_3/hitLedTimer.c"
'Finished building: ../src/Milestone_3/hitLedTimer.c'
' '
'Building file: ../src/Milestone_3/isr.c'
'Invoking: ARM g++ compiler'
arm-xilinx-eabi-g++ -Wall -O3 -finline-functions -g3 -I"F:\ECEn390\myLaserTag\Consolidated_330_SW" -c -fmessage-length=0 -MT"src/Milestone_3/isr.o" -I../../HW3_bsp/ps7_cortexa9_0/include -MMD -MP -MF"src/Milestone_3/isr.d" -MT"src/Milestone_3/isr.d" -o "src/Milestone_3/isr.o" "../src/Milestone_3/isr.c"
'Finished building: ../src/Milestone_3/isr.c'
' '
'Building file: ../src/Milestone_3/lockoutTimer.c'
'Invoking: ARM g++ compiler'
arm-xilinx-eabi-g++ -Wall -O3 -finline-functions -g3 -I"F:\ECEn390\myLaserTag\Consolidated_330_SW" -c -fmessage-length=0 -MT"src/Milestone_3/lockoutTimer.o" -I../../HW3_bsp/ps7_cortexa9_0/include -MMD -MP -MF"src/Milestone_3/lockoutTimer.d" -MT"src/Milestone_3/lockoutTimer.d" -o "src/Milestone_3/lockoutTimer.o" "../src/Milestone_3/lockoutTimer.c"
../src/Milestone_3/lockoutTimer.c: In function 'void hitlockout_debugStatePrint()':
../src/Milestone_3/lockoutTimer.c:43:53: warning: format '%d' expects argument of type 'int', but argument 2 has type 'uint32_t {aka long unsigned int}' [-Wformat=]
     printf("Lockout Counter:%d\n\r", lockout_counter);
                                                     ^
../src/Milestone_3/lockoutTimer.c:43:53: warning: format '%d' expects argument of type 'int', but argument 2 has type 'uint32_t {aka long unsigned int}' [-Wformat=]
'Finished building: ../src/Milestone_3/lockoutTimer.c'
' '
'Building file: ../src/Milestone_3/main.c'
'Invoking: ARM g++ compiler'
arm-xilinx-eabi-g++ -Wall -O3 -finline-functions -g3 -I"F:\ECEn390\myLaserTag\Consolidated_330_SW" -c -fmessage-length=0 -MT"src/Milestone_3/main.o" -I../../HW3_bsp/ps7_cortexa9_0/include -MMD -MP -MF"src/Milestone_3/main.d" -MT"src/Milestone_3/main.d" -o "src/Milestone_3/main.o" "../src/Milestone_3/main.c"
'Finished building: ../src/Milestone_3/main.c'
' '
'Building file: ../src/Milestone_3/transmitter.c'
'Invoking: ARM g++ compiler'
arm-xilinx-eabi-g++ -Wall -O3 -finline-functions -g3 -I"F:\ECEn390\myLaserTag\Consolidated_330_SW" -c -fmessage-length=0 -MT"src/Milestone_3/transmitter.o" -I../../HW3_bsp/ps7_cortexa9_0/include -MMD -MP -MF"src/Milestone_3/transmitter.d" -MT"src/Milestone_3/transmitter.d" -o "src/Milestone_3/transmitter.o" "../src/Milestone_3/transmitter.c"
'Finished building: ../src/Milestone_3/transmitter.c'
' '
'Building file: ../src/Milestone_3/trigger.c'
'Invoking: ARM g++ compiler'
arm-xilinx-eabi-g++ -Wall -O3 -finline-functions -g3 -I"F:\ECEn390\myLaserTag\Consolidated_330_SW" -c -fmessage-length=0 -MT"src/Milestone_3/trigger.o" -I../../HW3_bsp/ps7_cortexa9_0/include -MMD -MP -MF"src/Milestone_3/trigger.d" -MT"src/Milestone_3/trigger.d" -o "src/Milestone_3/trigger.o" "../src/Milestone_3/trigger.c"
'Finished building: ../src/Milestone_3/trigger.c'
' '
'Building target: Consolidated_330_SW.elf'
'Invoking: ARM g++ linker'
arm-xilinx-eabi-g++ -Wl,-T -Wl,../src/lscript.ld -L../../HW3_bsp/ps7_cortexa9_0/lib -o "Consolidated_330_SW.elf"  ./supportFiles/Adafruit_GFX.o ./supportFiles/Adafruit_STMPE610.o ./supportFiles/Adafruit_TFTLCD.o ./supportFiles/Print.o ./supportFiles/WString.o ./supportFiles/buttons.o ./supportFiles/circularBuffer.o ./supportFiles/display.o ./supportFiles/glcdfont.o ./supportFiles/globalTimer.o ./supportFiles/interrupts.o ./supportFiles/intervalTimer.o ./supportFiles/lcd.o ./supportFiles/leds.o ./supportFiles/mio.o ./supportFiles/new.o ./supportFiles/spi.o ./supportFiles/switches.o ./supportFiles/utils.o  ./src/Queue/.metadata/.plugins/org.eclipse.cdt.make.core/specs.o  ./src/Queue/queue.o  ./src/Milestone_3/detector.o ./src/Milestone_3/filter.o ./src/Milestone_3/histogram.o ./src/Milestone_3/hitLedTimer.o ./src/Milestone_3/isr.o ./src/Milestone_3/lockoutTimer.o ./src/Milestone_3/main.o ./src/Milestone_3/transmitter.o ./src/Milestone_3/trigger.o   -Wl,--start-group,-lxil,-lgcc,-lc,-lstdc++,--end-group
'Finished building target: Consolidated_330_SW.elf'
' '
'Invoking: ARM Print Size'
arm-xilinx-eabi-size Consolidated_330_SW.elf  |tee "Consolidated_330_SW.elf.size"
   text	   data	    bss	    dec	    hex	filename
 219616	   6776	12411304	12637696	 c0d600	Consolidated_330_SW.elf
'Finished building: Consolidated_330_SW.elf.size'
' '
12:12:47 **** Build of project HW3_bsp ****
make -k all 
libgen -hw \
	       \
	       -pe  \
	       -log libgen.log \
	       system.mss
process_begin: CreateProcess(NULL, libgen -hw -pe -log libgen.log system.mss, ...) failed.
make (e=2): The system cannot find the file specified.

make: *** [/lib/libxil.a] Error 2
make: Target `all' not remade because of errors.
12:12:48 **** Incremental Build of configuration Debug for project Consolidated_330_SW ****
make all 
make: Nothing to be done for `all'.
12:12:51 **** Incremental Build of configuration Debug for project zynq_fsbl ****
make all 
make: Nothing to be done for `all'.
12:14:23 **** Incremental Build of configuration Debug for project Consolidated_330_SW ****
make all 
make: Nothing to be done for `all'.
12:14:26 **** Incremental Build of configuration Debug for project zynq_fsbl ****
make all 
make: Nothing to be done for `all'.
12:24:40 **** Auto Build of configuration Debug for project Consolidated_330_SW ****
make all 
'Building file: ../src/Milestone_3/detector.c'
'Invoking: ARM g++ compiler'
arm-xilinx-eabi-g++ -Wall -O3 -finline-functions -g3 -I"F:\ECEn390\myLaserTag\Consolidated_330_SW" -c -fmessage-length=0 -MT"src/Milestone_3/detector.o" -I../../HW3_bsp/ps7_cortexa9_0/include -MMD -MP -MF"src/Milestone_3/detector.d" -MT"src/Milestone_3/detector.d" -o "src/Milestone_3/detector.o" "../src/Milestone_3/detector.c"
../src/Milestone_3/detector.c: In function 'queue_t* detector_getDebugQueue()':
../src/Milestone_3/detector.c:45:1: warning: no return statement in function returning non-void [-Wreturn-type]
 }
 ^
../src/Milestone_3/detector.c: In function 'void detector_hitDetect()':
../src/Milestone_3/detector.c:170:80: error: 'switches_read' was not declared in this scope
   if(sorted_power[9] == transmitter_setFrequencyNumber((uint16_t)switches_read())){
                                                                                ^
../src/Milestone_3/detector.c:170:81: error: 'transmitter_setFrequencyNumber' was not declared in this scope
   if(sorted_power[9] == transmitter_setFrequencyNumber((uint16_t)switches_read())){
                                                                                 ^
make: *** [src/Milestone_3/detector.o] Error 1
12:25:00 **** Auto Build of configuration Debug for project Consolidated_330_SW ****
make all 
'Building file: ../src/Milestone_3/detector.c'
'Invoking: ARM g++ compiler'
arm-xilinx-eabi-g++ -Wall -O3 -finline-functions -g3 -I"F:\ECEn390\myLaserTag\Consolidated_330_SW" -c -fmessage-length=0 -MT"src/Milestone_3/detector.o" -I../../HW3_bsp/ps7_cortexa9_0/include -MMD -MP -MF"src/Milestone_3/detector.d" -MT"src/Milestone_3/detector.d" -o "src/Milestone_3/detector.o" "../src/Milestone_3/detector.c"
../src/Milestone_3/detector.c: In function 'queue_t* detector_getDebugQueue()':
../src/Milestone_3/detector.c:45:1: warning: no return statement in function returning non-void [-Wreturn-type]
 }
 ^
../src/Milestone_3/detector.c: In function 'void detector_hitDetect()':
../src/Milestone_3/detector.c:170:80: error: 'switches_read' was not declared in this scope
   if(sorted_power[9] == transmitter_setFrequencyNumber((uint16_t)switches_read())){
                                                                                ^
make: *** [src/Milestone_3/detector.o] Error 1
12:25:21 **** Auto Build of configuration Debug for project Consolidated_330_SW ****
make all 
'Building file: ../src/Milestone_3/detector.c'
'Invoking: ARM g++ compiler'
arm-xilinx-eabi-g++ -Wall -O3 -finline-functions -g3 -I"F:\ECEn390\myLaserTag\Consolidated_330_SW" -c -fmessage-length=0 -MT"src/Milestone_3/detector.o" -I../../HW3_bsp/ps7_cortexa9_0/include -MMD -MP -MF"src/Milestone_3/detector.d" -MT"src/Milestone_3/detector.d" -o "src/Milestone_3/detector.o" "../src/Milestone_3/detector.c"
../src/Milestone_3/detector.c:15:22: fatal error: switches.h: No such file or directory
 #include "switches.h"
                      ^
compilation terminated.
make: *** [src/Milestone_3/detector.o] Error 1
12:27:25 **** Auto Build of configuration Debug for project Consolidated_330_SW ****
make all 
'Building file: ../src/Milestone_3/detector.c'
'Invoking: ARM g++ compiler'
arm-xilinx-eabi-g++ -Wall -O3 -finline-functions -g3 -I"F:\ECEn390\myLaserTag\Consolidated_330_SW" -c -fmessage-length=0 -MT"src/Milestone_3/detector.o" -I../../HW3_bsp/ps7_cortexa9_0/include -MMD -MP -MF"src/Milestone_3/detector.d" -MT"src/Milestone_3/detector.d" -o "src/Milestone_3/detector.o" "../src/Milestone_3/detector.c"
../src/Milestone_3/detector.c:15:22: fatal error: switches.h: No such file or directory
 #include "switches.h"
                      ^
compilation terminated.
make: *** [src/Milestone_3/detector.o] Error 1
12:28:10 **** Auto Build of configuration Debug for project Consolidated_330_SW ****
make all 
'Building file: ../src/Milestone_3/detector.c'
'Invoking: ARM g++ compiler'
arm-xilinx-eabi-g++ -Wall -O3 -finline-functions -g3 -I"F:\ECEn390\myLaserTag\Consolidated_330_SW" -c -fmessage-length=0 -MT"src/Milestone_3/detector.o" -I../../HW3_bsp/ps7_cortexa9_0/include -MMD -MP -MF"src/Milestone_3/detector.d" -MT"src/Milestone_3/detector.d" -o "src/Milestone_3/detector.o" "../src/Milestone_3/detector.c"
../src/Milestone_3/detector.c:15:22: fatal error: switches.h: No such file or directory
 #include "switches.h"
                      ^
compilation terminated.
make: *** [src/Milestone_3/detector.o] Error 1
12:28:14 **** Auto Build of configuration Debug for project Consolidated_330_SW ****
make all 
'Building file: ../src/Milestone_3/detector.c'
'Invoking: ARM g++ compiler'
arm-xilinx-eabi-g++ -Wall -O3 -finline-functions -g3 -I"F:\ECEn390\myLaserTag\Consolidated_330_SW" -c -fmessage-length=0 -MT"src/Milestone_3/detector.o" -I../../HW3_bsp/ps7_cortexa9_0/include -MMD -MP -MF"src/Milestone_3/detector.d" -MT"src/Milestone_3/detector.d" -o "src/Milestone_3/detector.o" "../src/Milestone_3/detector.c"
../src/Milestone_3/detector.c: In function 'queue_t* detector_getDebugQueue()':
../src/Milestone_3/detector.c:46:1: warning: no return statement in function returning non-void [-Wreturn-type]
 }
 ^
../src/Milestone_3/detector.c: In function 'void detector_hitDetect()':
../src/Milestone_3/detector.c:171:81: error: invalid operands of types 'double' and 'void' to binary 'operator=='
   if(sorted_power[9] == transmitter_setFrequencyNumber((uint16_t)switches_read())){
                                                                                 ^
make: *** [src/Milestone_3/detector.o] Error 1
12:29:04 **** Auto Build of configuration Debug for project Consolidated_330_SW ****
make all 
'Building file: ../src/Milestone_3/detector.c'
'Invoking: ARM g++ compiler'
arm-xilinx-eabi-g++ -Wall -O3 -finline-functions -g3 -I"F:\ECEn390\myLaserTag\Consolidated_330_SW" -c -fmessage-length=0 -MT"src/Milestone_3/detector.o" -I../../HW3_bsp/ps7_cortexa9_0/include -MMD -MP -MF"src/Milestone_3/detector.d" -MT"src/Milestone_3/detector.d" -o "src/Milestone_3/detector.o" "../src/Milestone_3/detector.c"
../src/Milestone_3/detector.c: In function 'queue_t* detector_getDebugQueue()':
../src/Milestone_3/detector.c:46:1: warning: no return statement in function returning non-void [-Wreturn-type]
 }
 ^
'Finished building: ../src/Milestone_3/detector.c'
' '
'Building file: ../src/Milestone_3/transmitter.c'
'Invoking: ARM g++ compiler'
arm-xilinx-eabi-g++ -Wall -O3 -finline-functions -g3 -I"F:\ECEn390\myLaserTag\Consolidated_330_SW" -c -fmessage-length=0 -MT"src/Milestone_3/transmitter.o" -I../../HW3_bsp/ps7_cortexa9_0/include -MMD -MP -MF"src/Milestone_3/transmitter.d" -MT"src/Milestone_3/transmitter.d" -o "src/Milestone_3/transmitter.o" "../src/Milestone_3/transmitter.c"
'Finished building: ../src/Milestone_3/transmitter.c'
' '
'Building target: Consolidated_330_SW.elf'
'Invoking: ARM g++ linker'
arm-xilinx-eabi-g++ -Wl,-T -Wl,../src/lscript.ld -L../../HW3_bsp/ps7_cortexa9_0/lib -o "Consolidated_330_SW.elf"  ./supportFiles/Adafruit_GFX.o ./supportFiles/Adafruit_STMPE610.o ./supportFiles/Adafruit_TFTLCD.o ./supportFiles/Print.o ./supportFiles/WString.o ./supportFiles/buttons.o ./supportFiles/circularBuffer.o ./supportFiles/display.o ./supportFiles/glcdfont.o ./supportFiles/globalTimer.o ./supportFiles/interrupts.o ./supportFiles/intervalTimer.o ./supportFiles/lcd.o ./supportFiles/leds.o ./supportFiles/mio.o ./supportFiles/new.o ./supportFiles/spi.o ./supportFiles/switches.o ./supportFiles/utils.o  ./src/Queue/.metadata/.plugins/org.eclipse.cdt.make.core/specs.o  ./src/Queue/queue.o  ./src/Milestone_3/detector.o ./src/Milestone_3/filter.o ./src/Milestone_3/histogram.o ./src/Milestone_3/hitLedTimer.o ./src/Milestone_3/isr.o ./src/Milestone_3/lockoutTimer.o ./src/Milestone_3/main.o ./src/Milestone_3/transmitter.o ./src/Milestone_3/trigger.o   -Wl,--start-group,-lxil,-lgcc,-lc,-lstdc++,--end-group
'Finished building target: Consolidated_330_SW.elf'
' '
'Invoking: ARM Print Size'
arm-xilinx-eabi-size Consolidated_330_SW.elf  |tee "Consolidated_330_SW.elf.size"
   text	   data	    bss	    dec	    hex	filename
 219616	   6776	12411304	12637696	 c0d600	Consolidated_330_SW.elf
'Finished building: Consolidated_330_SW.elf.size'
' '
12:30:18 **** Incremental Build of configuration Debug for project Consolidated_330_SW ****
make all 
make: Nothing to be done for `all'.
12:30:21 **** Incremental Build of configuration Debug for project zynq_fsbl ****
make all 
make: Nothing to be done for `all'.
07:38:45 **** Clean-only build of configuration Debug for project Consolidated_330_SW ****
make clean 
rm -rf  ./supportFiles/Adafruit_GFX.o ./supportFiles/Adafruit_STMPE610.o ./supportFiles/Adafruit_TFTLCD.o ./supportFiles/Print.o ./supportFiles/WString.o ./supportFiles/buttons.o ./supportFiles/circularBuffer.o ./supportFiles/display.o ./supportFiles/glcdfont.o ./supportFiles/globalTimer.o ./supportFiles/interrupts.o ./supportFiles/intervalTimer.o ./supportFiles/lcd.o ./supportFiles/leds.o ./supportFiles/mio.o ./supportFiles/new.o ./supportFiles/spi.o ./supportFiles/switches.o ./supportFiles/utils.o  ./src/Queue/.metadata/.plugins/org.eclipse.cdt.make.core/specs.o  ./src/Queue/queue.o  ./src/Milestone_3/detector.o ./src/Milestone_3/filter.o ./src/Milestone_3/histogram.o ./src/Milestone_3/hitLedTimer.o ./src/Milestone_3/isr.o ./src/Milestone_3/lockoutTimer.o ./src/Milestone_3/main.o ./src/Milestone_3/transmitter.o ./src/Milestone_3/trigger.o  ./supportFiles/buttons.d ./supportFiles/circularBuffer.d ./supportFiles/glcdfont.d ./supportFiles/globalTimer.d ./supportFiles/interrupts.d ./supportFiles/intervalTimer.d ./supportFiles/lcd.d ./supportFiles/leds.d ./supportFiles/mio.d ./supportFiles/spi.d ./supportFiles/switches.d  ./src/Queue/.metadata/.plugins/org.eclipse.cdt.make.core/specs.d  ./src/Queue/queue.d  ./src/Milestone_3/detector.d ./src/Milestone_3/filter.d ./src/Milestone_3/histogram.d ./src/Milestone_3/hitLedTimer.d ./src/Milestone_3/isr.d ./src/Milestone_3/lockoutTimer.d ./src/Milestone_3/main.d ./src/Milestone_3/transmitter.d ./src/Milestone_3/trigger.d  ./supportFiles/Adafruit_GFX.d ./supportFiles/Adafruit_STMPE610.d ./supportFiles/Adafruit_TFTLCD.d ./supportFiles/Print.d ./supportFiles/WString.d ./supportFiles/display.d ./supportFiles/new.d ./supportFiles/utils.d  ./src/Queue/.metadata/.plugins/org.eclipse.cdt.make.core/specs.d  Consolidated_330_SW.elf.size  Consolidated_330_SW.elf
' '
07:38:47 **** Auto Build of configuration Debug for project Consolidated_330_SW ****
make all 
'Building file: ../supportFiles/Adafruit_GFX.cpp'
'Invoking: ARM g++ compiler'
arm-xilinx-eabi-g++ -Wall -O3 -finline-functions -g3 -I"F:\ECEn390\myLaserTag\Consolidated_330_SW" -c -fmessage-length=0 -MT"supportFiles/Adafruit_GFX.o" -I../../HW3_bsp/ps7_cortexa9_0/include -MMD -MP -MF"supportFiles/Adafruit_GFX.d" -MT"supportFiles/Adafruit_GFX.d" -o "supportFiles/Adafruit_GFX.o" "../supportFiles/Adafruit_GFX.cpp"
'Finished building: ../supportFiles/Adafruit_GFX.cpp'
' '
'Building file: ../supportFiles/Adafruit_STMPE610.cpp'
'Invoking: ARM g++ compiler'
arm-xilinx-eabi-g++ -Wall -O3 -finline-functions -g3 -I"F:\ECEn390\myLaserTag\Consolidated_330_SW" -c -fmessage-length=0 -MT"supportFiles/Adafruit_STMPE610.o" -I../../HW3_bsp/ps7_cortexa9_0/include -MMD -MP -MF"supportFiles/Adafruit_STMPE610.d" -MT"supportFiles/Adafruit_STMPE610.d" -o "supportFiles/Adafruit_STMPE610.o" "../supportFiles/Adafruit_STMPE610.cpp"
'Finished building: ../supportFiles/Adafruit_STMPE610.cpp'
' '
'Building file: ../supportFiles/Adafruit_TFTLCD.cpp'
'Invoking: ARM g++ compiler'
arm-xilinx-eabi-g++ -Wall -O3 -finline-functions -g3 -I"F:\ECEn390\myLaserTag\Consolidated_330_SW" -c -fmessage-length=0 -MT"supportFiles/Adafruit_TFTLCD.o" -I../../HW3_bsp/ps7_cortexa9_0/include -MMD -MP -MF"supportFiles/Adafruit_TFTLCD.d" -MT"supportFiles/Adafruit_TFTLCD.d" -o "supportFiles/Adafruit_TFTLCD.o" "../supportFiles/Adafruit_TFTLCD.cpp"
../supportFiles/Adafruit_TFTLCD.cpp: In member function 'void Adafruit_TFTLCD::begin(short unsigned int)':
../supportFiles/Adafruit_TFTLCD.cpp:256:14: warning: unused variable 'a' [-Wunused-variable]
     uint16_t a, d;
              ^
../supportFiles/Adafruit_TFTLCD.cpp:256:17: warning: unused variable 'd' [-Wunused-variable]
     uint16_t a, d;
                 ^
../supportFiles/Adafruit_TFTLCD.cpp: In member function 'void Adafruit_TFTLCD::setRotation(unsigned char)':
../supportFiles/Adafruit_TFTLCD.cpp:753:13: warning: 't' may be used uninitialized in this function [-Wmaybe-uninitialized]
    uint16_t t;
             ^
'Finished building: ../supportFiles/Adafruit_TFTLCD.cpp'
' '
'Building file: ../supportFiles/Print.cpp'
'Invoking: ARM g++ compiler'
arm-xilinx-eabi-g++ -Wall -O3 -finline-functions -g3 -I"F:\ECEn390\myLaserTag\Consolidated_330_SW" -c -fmessage-length=0 -MT"supportFiles/Print.o" -I../../HW3_bsp/ps7_cortexa9_0/include -MMD -MP -MF"supportFiles/Print.d" -MT"supportFiles/Print.d" -o "supportFiles/Print.o" "../supportFiles/Print.cpp"
'Finished building: ../supportFiles/Print.cpp'
' '
'Building file: ../supportFiles/WString.cpp'
'Invoking: ARM g++ compiler'
arm-xilinx-eabi-g++ -Wall -O3 -finline-functions -g3 -I"F:\ECEn390\myLaserTag\Consolidated_330_SW" -c -fmessage-length=0 -MT"supportFiles/WString.o" -I../../HW3_bsp/ps7_cortexa9_0/include -MMD -MP -MF"supportFiles/WString.d" -MT"supportFiles/WString.d" -o "supportFiles/WString.o" "../supportFiles/WString.cpp"
'Finished building: ../supportFiles/WString.cpp'
' '
'Building file: ../supportFiles/buttons.c'
'Invoking: ARM g++ compiler'
arm-xilinx-eabi-g++ -Wall -O3 -finline-functions -g3 -I"F:\ECEn390\myLaserTag\Consolidated_330_SW" -c -fmessage-length=0 -MT"supportFiles/buttons.o" -I../../HW3_bsp/ps7_cortexa9_0/include -MMD -MP -MF"supportFiles/buttons.d" -MT"supportFiles/buttons.d" -o "supportFiles/buttons.o" "../supportFiles/buttons.c"
'Finished building: ../supportFiles/buttons.c'
' '
'Building file: ../supportFiles/circularBuffer.c'
'Invoking: ARM g++ compiler'
arm-xilinx-eabi-g++ -Wall -O3 -finline-functions -g3 -I"F:\ECEn390\myLaserTag\Consolidated_330_SW" -c -fmessage-length=0 -MT"supportFiles/circularBuffer.o" -I../../HW3_bsp/ps7_cortexa9_0/include -MMD -MP -MF"supportFiles/circularBuffer.d" -MT"supportFiles/circularBuffer.d" -o "supportFiles/circularBuffer.o" "../supportFiles/circularBuffer.c"
'Finished building: ../supportFiles/circularBuffer.c'
' '
'Building file: ../supportFiles/display.cpp'
'Invoking: ARM g++ compiler'
arm-xilinx-eabi-g++ -Wall -O3 -finline-functions -g3 -I"F:\ECEn390\myLaserTag\Consolidated_330_SW" -c -fmessage-length=0 -MT"supportFiles/display.o" -I../../HW3_bsp/ps7_cortexa9_0/include -MMD -MP -MF"supportFiles/display.d" -MT"supportFiles/display.d" -o "supportFiles/display.o" "../supportFiles/display.cpp"
'Finished building: ../supportFiles/display.cpp'
' '
'Building file: ../supportFiles/glcdfont.c'
'Invoking: ARM g++ compiler'
arm-xilinx-eabi-g++ -Wall -O3 -finline-functions -g3 -I"F:\ECEn390\myLaserTag\Consolidated_330_SW" -c -fmessage-length=0 -MT"supportFiles/glcdfont.o" -I../../HW3_bsp/ps7_cortexa9_0/include -MMD -MP -MF"supportFiles/glcdfont.d" -MT"supportFiles/glcdfont.d" -o "supportFiles/glcdfont.o" "../supportFiles/glcdfont.c"
'Finished building: ../supportFiles/glcdfont.c'
' '
'Building file: ../supportFiles/globalTimer.c'
'Invoking: ARM g++ compiler'
arm-xilinx-eabi-g++ -Wall -O3 -finline-functions -g3 -I"F:\ECEn390\myLaserTag\Consolidated_330_SW" -c -fmessage-length=0 -MT"supportFiles/globalTimer.o" -I../../HW3_bsp/ps7_cortexa9_0/include -MMD -MP -MF"supportFiles/globalTimer.d" -MT"supportFiles/globalTimer.d" -o "supportFiles/globalTimer.o" "../supportFiles/globalTimer.c"
'Finished building: ../supportFiles/globalTimer.c'
' '
'Building file: ../supportFiles/interrupts.c'
'Invoking: ARM g++ compiler'
arm-xilinx-eabi-g++ -Wall -O3 -finline-functions -g3 -I"F:\ECEn390\myLaserTag\Consolidated_330_SW" -c -fmessage-length=0 -MT"supportFiles/interrupts.o" -I../../HW3_bsp/ps7_cortexa9_0/include -MMD -MP -MF"supportFiles/interrupts.d" -MT"supportFiles/interrupts.d" -o "supportFiles/interrupts.o" "../supportFiles/interrupts.c"
'Finished building: ../supportFiles/interrupts.c'
' '
'Building file: ../supportFiles/intervalTimer.c'
'Invoking: ARM g++ compiler'
arm-xilinx-eabi-g++ -Wall -O3 -finline-functions -g3 -I"F:\ECEn390\myLaserTag\Consolidated_330_SW" -c -fmessage-length=0 -MT"supportFiles/intervalTimer.o" -I../../HW3_bsp/ps7_cortexa9_0/include -MMD -MP -MF"supportFiles/intervalTimer.d" -MT"supportFiles/intervalTimer.d" -o "supportFiles/intervalTimer.o" "../supportFiles/intervalTimer.c"
../supportFiles/intervalTimer.c: In function 'u32 intervalTimer_getTimerBaseAddress(u32)':
../supportFiles/intervalTimer.c:30:10: warning: 'timerBaseAddress' may be used uninitialized in this function [-Wmaybe-uninitialized]
   return timerBaseAddress;
          ^
../supportFiles/intervalTimer.c: In function 'u32 intervalTimer_writeRegister(u32, u32, u32)':
../supportFiles/intervalTimer.c:36:53: warning: 'timerBaseAddress' may be used uninitialized in this function [-Wmaybe-uninitialized]
   Xil_Out32((timerBaseAddress+registerOffset), value);
                                                     ^
../supportFiles/intervalTimer.c: In function 'u32 intervalTimer_readRegister(u32, u32)':
../supportFiles/intervalTimer.c:43:52: warning: 'timerBaseAddress' may be used uninitialized in this function [-Wmaybe-uninitialized]
   return Xil_In32((timerBaseAddress+registerOffset));
                                                    ^
../supportFiles/intervalTimer.c: In function 'u32 intervalTimer_start(u32)':
../supportFiles/intervalTimer.c:36:54: warning: 'timerBaseAddress' may be used uninitialized in this function [-Wmaybe-uninitialized]
   Xil_Out32((timerBaseAddress+registerOffset), value);
                                                      ^
../supportFiles/intervalTimer.c:14:7: note: 'timerBaseAddress' was declared here
   u32 timerBaseAddress;
       ^
../supportFiles/intervalTimer.c: In function 'u32 intervalTimer_stop(u32)':
../supportFiles/intervalTimer.c:36:54: warning: 'timerBaseAddress' may be used uninitialized in this function [-Wmaybe-uninitialized]
   Xil_Out32((timerBaseAddress+registerOffset), value);
                                                      ^
../supportFiles/intervalTimer.c:14:7: note: 'timerBaseAddress' was declared here
   u32 timerBaseAddress;
       ^
../supportFiles/intervalTimer.c: In function 'u32 intervalTimer_init(u32)':
../supportFiles/intervalTimer.c:36:54: warning: 'timerBaseAddress' may be used uninitialized in this function [-Wmaybe-uninitialized]
   Xil_Out32((timerBaseAddress+registerOffset), value);
                                                      ^
../supportFiles/intervalTimer.c:14:7: note: 'timerBaseAddress' was declared here
   u32 timerBaseAddress;
       ^
../supportFiles/intervalTimer.c: In function 'u32 intervalTimer_reset(u32)':
../supportFiles/intervalTimer.c:14:7: warning: 'timerBaseAddress' may be used uninitialized in this function [-Wmaybe-uninitialized]
../supportFiles/intervalTimer.c: In function 'u32 intervalTimer_test(u32)':
../supportFiles/intervalTimer.c:14:7: warning: 'timerBaseAddress' may be used uninitialized in this function [-Wmaybe-uninitialized]
../supportFiles/intervalTimer.c:14:7: warning: 'timerBaseAddress' may be used uninitialized in this function [-Wmaybe-uninitialized]
../supportFiles/intervalTimer.c:36:54: warning: 'timerBaseAddress' may be used uninitialized in this function [-Wmaybe-uninitialized]
   Xil_Out32((timerBaseAddress+registerOffset), value);
                                                      ^
../supportFiles/intervalTimer.c:14:7: note: 'timerBaseAddress' was declared here
   u32 timerBaseAddress;
       ^
../supportFiles/intervalTimer.c: In function 'u64 intervalTimer_get64BitCounterValue(u32)':
../supportFiles/intervalTimer.c:14:7: warning: 'timerBaseAddress' may be used uninitialized in this function [-Wmaybe-uninitialized]
../supportFiles/intervalTimer.c: In function 'u32 intervalTimer_getLower32BitCounterValue(u32)':
../supportFiles/intervalTimer.c:14:7: warning: 'timerBaseAddress' may be used uninitialized in this function [-Wmaybe-uninitialized]
../supportFiles/intervalTimer.c: In function 'u32 intervalTimer_getTotalDurationInSeconds(u32, double*)':
../supportFiles/intervalTimer.c:14:7: warning: 'timerBaseAddress' may be used uninitialized in this function [-Wmaybe-uninitialized]
'Finished building: ../supportFiles/intervalTimer.c'
' '
'Building file: ../supportFiles/lcd.c'
'Invoking: ARM g++ compiler'
arm-xilinx-eabi-g++ -Wall -O3 -finline-functions -g3 -I"F:\ECEn390\myLaserTag\Consolidated_330_SW" -c -fmessage-length=0 -MT"supportFiles/lcd.o" -I../../HW3_bsp/ps7_cortexa9_0/include -MMD -MP -MF"supportFiles/lcd.d" -MT"supportFiles/lcd.d" -o "supportFiles/lcd.o" "../supportFiles/lcd.c"
'Finished building: ../supportFiles/lcd.c'
' '
'Building file: ../supportFiles/leds.c'
'Invoking: ARM g++ compiler'
arm-xilinx-eabi-g++ -Wall -O3 -finline-functions -g3 -I"F:\ECEn390\myLaserTag\Consolidated_330_SW" -c -fmessage-length=0 -MT"supportFiles/leds.o" -I../../HW3_bsp/ps7_cortexa9_0/include -MMD -MP -MF"supportFiles/leds.d" -MT"supportFiles/leds.d" -o "supportFiles/leds.o" "../supportFiles/leds.c"
'Finished building: ../supportFiles/leds.c'
' '
'Building file: ../supportFiles/mio.c'
'Invoking: ARM g++ compiler'
arm-xilinx-eabi-g++ -Wall -O3 -finline-functions -g3 -I"F:\ECEn390\myLaserTag\Consolidated_330_SW" -c -fmessage-length=0 -MT"supportFiles/mio.o" -I../../HW3_bsp/ps7_cortexa9_0/include -MMD -MP -MF"supportFiles/mio.d" -MT"supportFiles/mio.d" -o "supportFiles/mio.o" "../supportFiles/mio.c"
'Finished building: ../supportFiles/mio.c'
' '
'Building file: ../supportFiles/new.cpp'
'Invoking: ARM g++ compiler'
arm-xilinx-eabi-g++ -Wall -O3 -finline-functions -g3 -I"F:\ECEn390\myLaserTag\Consolidated_330_SW" -c -fmessage-length=0 -MT"supportFiles/new.o" -I../../HW3_bsp/ps7_cortexa9_0/include -MMD -MP -MF"supportFiles/new.d" -MT"supportFiles/new.d" -o "supportFiles/new.o" "../supportFiles/new.cpp"
'Finished building: ../supportFiles/new.cpp'
' '
'Building file: ../supportFiles/spi.c'
'Invoking: ARM g++ compiler'
arm-xilinx-eabi-g++ -Wall -O3 -finline-functions -g3 -I"F:\ECEn390\myLaserTag\Consolidated_330_SW" -c -fmessage-length=0 -MT"supportFiles/spi.o" -I../../HW3_bsp/ps7_cortexa9_0/include -MMD -MP -MF"supportFiles/spi.d" -MT"supportFiles/spi.d" -o "supportFiles/spi.o" "../supportFiles/spi.c"
'Finished building: ../supportFiles/spi.c'
' '
'Building file: ../supportFiles/switches.c'
'Invoking: ARM g++ compiler'
arm-xilinx-eabi-g++ -Wall -O3 -finline-functions -g3 -I"F:\ECEn390\myLaserTag\Consolidated_330_SW" -c -fmessage-length=0 -MT"supportFiles/switches.o" -I../../HW3_bsp/ps7_cortexa9_0/include -MMD -MP -MF"supportFiles/switches.d" -MT"supportFiles/switches.d" -o "supportFiles/switches.o" "../supportFiles/switches.c"
'Finished building: ../supportFiles/switches.c'
' '
'Building file: ../supportFiles/utils.cpp'
'Invoking: ARM g++ compiler'
arm-xilinx-eabi-g++ -Wall -O3 -finline-functions -g3 -I"F:\ECEn390\myLaserTag\Consolidated_330_SW" -c -fmessage-length=0 -MT"supportFiles/utils.o" -I../../HW3_bsp/ps7_cortexa9_0/include -MMD -MP -MF"supportFiles/utils.d" -MT"supportFiles/utils.d" -o "supportFiles/utils.o" "../supportFiles/utils.cpp"
'Finished building: ../supportFiles/utils.cpp'
' '
'Building file: ../src/Queue/.metadata/.plugins/org.eclipse.cdt.make.core/specs.c'
'Invoking: ARM g++ compiler'
arm-xilinx-eabi-g++ -Wall -O3 -finline-functions -g3 -I"F:\ECEn390\myLaserTag\Consolidated_330_SW" -c -fmessage-length=0 -MT"src/Queue/.metadata/.plugins/org.eclipse.cdt.make.core/specs.o" -I../../HW3_bsp/ps7_cortexa9_0/include -MMD -MP -MF"src/Queue/.metadata/.plugins/org.eclipse.cdt.make.core/specs.d" -MT"src/Queue/.metadata/.plugins/org.eclipse.cdt.make.core/specs.d" -o "src/Queue/.metadata/.plugins/org.eclipse.cdt.make.core/specs.o" "../src/Queue/.metadata/.plugins/org.eclipse.cdt.make.core/specs.c"
'Finished building: ../src/Queue/.metadata/.plugins/org.eclipse.cdt.make.core/specs.c'
' '
'Building file: ../src/Queue/queue.c'
'Invoking: ARM g++ compiler'
arm-xilinx-eabi-g++ -Wall -O3 -finline-functions -g3 -I"F:\ECEn390\myLaserTag\Consolidated_330_SW" -c -fmessage-length=0 -MT"src/Queue/queue.o" -I../../HW3_bsp/ps7_cortexa9_0/include -MMD -MP -MF"src/Queue/queue.d" -MT"src/Queue/queue.d" -o "src/Queue/queue.o" "../src/Queue/queue.c"
'Finished building: ../src/Queue/queue.c'
' '
'Building file: ../src/Milestone_3/detector.c'
'Invoking: ARM g++ compiler'
arm-xilinx-eabi-g++ -Wall -O3 -finline-functions -g3 -I"F:\ECEn390\myLaserTag\Consolidated_330_SW" -c -fmessage-length=0 -MT"src/Milestone_3/detector.o" -I../../HW3_bsp/ps7_cortexa9_0/include -MMD -MP -MF"src/Milestone_3/detector.d" -MT"src/Milestone_3/detector.d" -o "src/Milestone_3/detector.o" "../src/Milestone_3/detector.c"
../src/Milestone_3/detector.c: In function 'queue_t* detector_getDebugQueue()':
../src/Milestone_3/detector.c:46:1: warning: no return statement in function returning non-void [-Wreturn-type]
 }
 ^
../src/Milestone_3/detector.c: In function 'void detector_hitDetect()':
../src/Milestone_3/detector.c:171:81: error: invalid operands of types 'double' and 'void' to binary 'operator=='
   if(sorted_power[9] == transmitter_setFrequencyNumber((uint16_t)switches_read())){
                                                                                 ^
make: *** [src/Milestone_3/detector.o] Error 1
07:39:57 **** Auto Build of configuration Debug for project Consolidated_330_SW ****
make all 
'Building file: ../src/Milestone_3/detector.c'
'Invoking: ARM g++ compiler'
arm-xilinx-eabi-g++ -Wall -O3 -finline-functions -g3 -I"F:\ECEn390\myLaserTag\Consolidated_330_SW" -c -fmessage-length=0 -MT"src/Milestone_3/detector.o" -I../../HW3_bsp/ps7_cortexa9_0/include -MMD -MP -MF"src/Milestone_3/detector.d" -MT"src/Milestone_3/detector.d" -o "src/Milestone_3/detector.o" "../src/Milestone_3/detector.c"
../src/Milestone_3/detector.c: In function 'queue_t* detector_getDebugQueue()':
../src/Milestone_3/detector.c:46:1: warning: no return statement in function returning non-void [-Wreturn-type]
 }
 ^
'Finished building: ../src/Milestone_3/detector.c'
' '
'Building file: ../src/Milestone_3/filter.c'
'Invoking: ARM g++ compiler'
arm-xilinx-eabi-g++ -Wall -O3 -finline-functions -g3 -I"F:\ECEn390\myLaserTag\Consolidated_330_SW" -c -fmessage-length=0 -MT"src/Milestone_3/filter.o" -I../../HW3_bsp/ps7_cortexa9_0/include -MMD -MP -MF"src/Milestone_3/filter.d" -MT"src/Milestone_3/filter.d" -o "src/Milestone_3/filter.o" "../src/Milestone_3/filter.c"
../src/Milestone_3/filter.c: In function 'void filter_runTest()':
../src/Milestone_3/filter.c:342:13: warning: unused variable 'count' [-Wunused-variable]
  static int count = 0;
             ^
'Finished building: ../src/Milestone_3/filter.c'
' '
'Building file: ../src/Milestone_3/histogram.c'
'Invoking: ARM g++ compiler'
arm-xilinx-eabi-g++ -Wall -O3 -finline-functions -g3 -I"F:\ECEn390\myLaserTag\Consolidated_330_SW" -c -fmessage-length=0 -MT"src/Milestone_3/histogram.o" -I../../HW3_bsp/ps7_cortexa9_0/include -MMD -MP -MF"src/Milestone_3/histogram.d" -MT"src/Milestone_3/histogram.d" -o "src/Milestone_3/histogram.o" "../src/Milestone_3/histogram.c"
../src/Milestone_3/histogram.c:2:2: warning: "/*" within comment [-Wcomment]
  /*
 ^
'Finished building: ../src/Milestone_3/histogram.c'
' '
'Building file: ../src/Milestone_3/hitLedTimer.c'
'Invoking: ARM g++ compiler'
arm-xilinx-eabi-g++ -Wall -O3 -finline-functions -g3 -I"F:\ECEn390\myLaserTag\Consolidated_330_SW" -c -fmessage-length=0 -MT"src/Milestone_3/hitLedTimer.o" -I../../HW3_bsp/ps7_cortexa9_0/include -MMD -MP -MF"src/Milestone_3/hitLedTimer.d" -MT"src/Milestone_3/hitLedTimer.d" -o "src/Milestone_3/hitLedTimer.o" "../src/Milestone_3/hitLedTimer.c"
'Finished building: ../src/Milestone_3/hitLedTimer.c'
' '
'Building file: ../src/Milestone_3/isr.c'
'Invoking: ARM g++ compiler'
arm-xilinx-eabi-g++ -Wall -O3 -finline-functions -g3 -I"F:\ECEn390\myLaserTag\Consolidated_330_SW" -c -fmessage-length=0 -MT"src/Milestone_3/isr.o" -I../../HW3_bsp/ps7_cortexa9_0/include -MMD -MP -MF"src/Milestone_3/isr.d" -MT"src/Milestone_3/isr.d" -o "src/Milestone_3/isr.o" "../src/Milestone_3/isr.c"
'Finished building: ../src/Milestone_3/isr.c'
' '
'Building file: ../src/Milestone_3/lockoutTimer.c'
'Invoking: ARM g++ compiler'
arm-xilinx-eabi-g++ -Wall -O3 -finline-functions -g3 -I"F:\ECEn390\myLaserTag\Consolidated_330_SW" -c -fmessage-length=0 -MT"src/Milestone_3/lockoutTimer.o" -I../../HW3_bsp/ps7_cortexa9_0/include -MMD -MP -MF"src/Milestone_3/lockoutTimer.d" -MT"src/Milestone_3/lockoutTimer.d" -o "src/Milestone_3/lockoutTimer.o" "../src/Milestone_3/lockoutTimer.c"
../src/Milestone_3/lockoutTimer.c: In function 'void hitlockout_debugStatePrint()':
../src/Milestone_3/lockoutTimer.c:43:53: warning: format '%d' expects argument of type 'int', but argument 2 has type 'uint32_t {aka long unsigned int}' [-Wformat=]
     printf("Lockout Counter:%d\n\r", lockout_counter);
                                                     ^
../src/Milestone_3/lockoutTimer.c:43:53: warning: format '%d' expects argument of type 'int', but argument 2 has type 'uint32_t {aka long unsigned int}' [-Wformat=]
'Finished building: ../src/Milestone_3/lockoutTimer.c'
' '
'Building file: ../src/Milestone_3/main.c'
'Invoking: ARM g++ compiler'
arm-xilinx-eabi-g++ -Wall -O3 -finline-functions -g3 -I"F:\ECEn390\myLaserTag\Consolidated_330_SW" -c -fmessage-length=0 -MT"src/Milestone_3/main.o" -I../../HW3_bsp/ps7_cortexa9_0/include -MMD -MP -MF"src/Milestone_3/main.d" -MT"src/Milestone_3/main.d" -o "src/Milestone_3/main.o" "../src/Milestone_3/main.c"
'Finished building: ../src/Milestone_3/main.c'
' '
'Building file: ../src/Milestone_3/transmitter.c'
'Invoking: ARM g++ compiler'
arm-xilinx-eabi-g++ -Wall -O3 -finline-functions -g3 -I"F:\ECEn390\myLaserTag\Consolidated_330_SW" -c -fmessage-length=0 -MT"src/Milestone_3/transmitter.o" -I../../HW3_bsp/ps7_cortexa9_0/include -MMD -MP -MF"src/Milestone_3/transmitter.d" -MT"src/Milestone_3/transmitter.d" -o "src/Milestone_3/transmitter.o" "../src/Milestone_3/transmitter.c"
'Finished building: ../src/Milestone_3/transmitter.c'
' '
'Building file: ../src/Milestone_3/trigger.c'
'Invoking: ARM g++ compiler'
arm-xilinx-eabi-g++ -Wall -O3 -finline-functions -g3 -I"F:\ECEn390\myLaserTag\Consolidated_330_SW" -c -fmessage-length=0 -MT"src/Milestone_3/trigger.o" -I../../HW3_bsp/ps7_cortexa9_0/include -MMD -MP -MF"src/Milestone_3/trigger.d" -MT"src/Milestone_3/trigger.d" -o "src/Milestone_3/trigger.o" "../src/Milestone_3/trigger.c"
'Finished building: ../src/Milestone_3/trigger.c'
' '
'Building target: Consolidated_330_SW.elf'
'Invoking: ARM g++ linker'
arm-xilinx-eabi-g++ -Wl,-T -Wl,../src/lscript.ld -L../../HW3_bsp/ps7_cortexa9_0/lib -o "Consolidated_330_SW.elf"  ./supportFiles/Adafruit_GFX.o ./supportFiles/Adafruit_STMPE610.o ./supportFiles/Adafruit_TFTLCD.o ./supportFiles/Print.o ./supportFiles/WString.o ./supportFiles/buttons.o ./supportFiles/circularBuffer.o ./supportFiles/display.o ./supportFiles/glcdfont.o ./supportFiles/globalTimer.o ./supportFiles/interrupts.o ./supportFiles/intervalTimer.o ./supportFiles/lcd.o ./supportFiles/leds.o ./supportFiles/mio.o ./supportFiles/new.o ./supportFiles/spi.o ./supportFiles/switches.o ./supportFiles/utils.o  ./src/Queue/.metadata/.plugins/org.eclipse.cdt.make.core/specs.o  ./src/Queue/queue.o  ./src/Milestone_3/detector.o ./src/Milestone_3/filter.o ./src/Milestone_3/histogram.o ./src/Milestone_3/hitLedTimer.o ./src/Milestone_3/isr.o ./src/Milestone_3/lockoutTimer.o ./src/Milestone_3/main.o ./src/Milestone_3/transmitter.o ./src/Milestone_3/trigger.o   -Wl,--start-group,-lxil,-lgcc,-lc,-lstdc++,--end-group
'Finished building target: Consolidated_330_SW.elf'
' '
'Invoking: ARM Print Size'
arm-xilinx-eabi-size Consolidated_330_SW.elf  |tee "Consolidated_330_SW.elf.size"
   text	   data	    bss	    dec	    hex	filename
 219616	   6776	12411304	12637696	 c0d600	Consolidated_330_SW.elf
'Finished building: Consolidated_330_SW.elf.size'
' '
07:40:11 **** Incremental Build of configuration Debug for project Consolidated_330_SW ****
make all 
make: Nothing to be done for `all'.
07:40:15 **** Incremental Build of configuration Debug for project zynq_fsbl ****
make all 
make: Nothing to be done for `all'.
07:50:51 **** Auto Build of configuration Debug for project Consolidated_330_SW ****
make all 
'Building file: ../src/Milestone_3/transmitter.c'
'Invoking: ARM g++ compiler'
arm-xilinx-eabi-g++ -Wall -O3 -finline-functions -g3 -I"F:\ECEn390\myLaserTag\Consolidated_330_SW" -c -fmessage-length=0 -MT"src/Milestone_3/transmitter.o" -I../../HW3_bsp/ps7_cortexa9_0/include -MMD -MP -MF"src/Milestone_3/transmitter.d" -MT"src/Milestone_3/transmitter.d" -o "src/Milestone_3/transmitter.o" "../src/Milestone_3/transmitter.c"
../src/Milestone_3/transmitter.c: In function 'void transmitter_tick()':
../src/Milestone_3/transmitter.c:204:47: warning: array subscript is above array bounds [-Warray-bounds]
  for(uint8_t i = 0; i <= player_frequencies[16]; i++){
                                               ^
../src/Milestone_3/transmitter.c: In function 'void transmitter_setFrequencyNumber(uint16_t)':
../src/Milestone_3/transmitter.c:204:47: warning: array subscript is above array bounds [-Warray-bounds]
  for(uint8_t i = 0; i <= player_frequencies[16]; i++){
                                               ^
../src/Milestone_3/transmitter.c: In function 'void transmitter_runTest()':
../src/Milestone_3/transmitter.c:204:47: warning: array subscript is above array bounds [-Warray-bounds]
  for(uint8_t i = 0; i <= player_frequencies[16]; i++){
                                               ^
'Finished building: ../src/Milestone_3/transmitter.c'
' '
'Building target: Consolidated_330_SW.elf'
'Invoking: ARM g++ linker'
arm-xilinx-eabi-g++ -Wl,-T -Wl,../src/lscript.ld -L../../HW3_bsp/ps7_cortexa9_0/lib -o "Consolidated_330_SW.elf"  ./supportFiles/Adafruit_GFX.o ./supportFiles/Adafruit_STMPE610.o ./supportFiles/Adafruit_TFTLCD.o ./supportFiles/Print.o ./supportFiles/WString.o ./supportFiles/buttons.o ./supportFiles/circularBuffer.o ./supportFiles/display.o ./supportFiles/glcdfont.o ./supportFiles/globalTimer.o ./supportFiles/interrupts.o ./supportFiles/intervalTimer.o ./supportFiles/lcd.o ./supportFiles/leds.o ./supportFiles/mio.o ./supportFiles/new.o ./supportFiles/spi.o ./supportFiles/switches.o ./supportFiles/utils.o  ./src/Queue/.metadata/.plugins/org.eclipse.cdt.make.core/specs.o  ./src/Queue/queue.o  ./src/Milestone_3/detector.o ./src/Milestone_3/filter.o ./src/Milestone_3/histogram.o ./src/Milestone_3/hitLedTimer.o ./src/Milestone_3/isr.o ./src/Milestone_3/lockoutTimer.o ./src/Milestone_3/main.o ./src/Milestone_3/transmitter.o ./src/Milestone_3/trigger.o   -Wl,--start-group,-lxil,-lgcc,-lc,-lstdc++,--end-group
'Finished building target: Consolidated_330_SW.elf'
' '
'Invoking: ARM Print Size'
arm-xilinx-eabi-size Consolidated_330_SW.elf  |tee "Consolidated_330_SW.elf.size"
   text	   data	    bss	    dec	    hex	filename
 219808	   6856	12411304	12637968	 c0d710	Consolidated_330_SW.elf
'Finished building: Consolidated_330_SW.elf.size'
' '
07:51:00 **** Incremental Build of configuration Debug for project Consolidated_330_SW ****
make all 
make: Nothing to be done for `all'.
07:51:03 **** Incremental Build of configuration Debug for project zynq_fsbl ****
make all 
make: Nothing to be done for `all'.
07:52:40 **** Incremental Build of configuration Debug for project Consolidated_330_SW ****
make all 
make: Nothing to be done for `all'.
07:52:43 **** Incremental Build of configuration Debug for project zynq_fsbl ****
make all 
make: Nothing to be done for `all'.
07:58:41 **** Auto Build of configuration Debug for project Consolidated_330_SW ****
make all 
'Building file: ../src/Milestone_3/transmitter.c'
'Invoking: ARM g++ compiler'
arm-xilinx-eabi-g++ -Wall -O3 -finline-functions -g3 -I"F:\ECEn390\myLaserTag\Consolidated_330_SW" -c -fmessage-length=0 -MT"src/Milestone_3/transmitter.o" -I../../HW3_bsp/ps7_cortexa9_0/include -MMD -MP -MF"src/Milestone_3/transmitter.d" -MT"src/Milestone_3/transmitter.d" -o "src/Milestone_3/transmitter.o" "../src/Milestone_3/transmitter.c"
../src/Milestone_3/transmitter.c: In function 'void transmitter_tick()':
../src/Milestone_3/transmitter.c:107:31: error: 'player_frequencies' was not declared in this scope
       for(uint8_t i = 0; i <= player_frequencies[16]; i++){
                               ^
../src/Milestone_3/transmitter.c:108:8: error: 'frequencyNumber' was not declared in this scope
     if(frequencyNumber == player_frequencies[i]){
        ^
make: *** [src/Milestone_3/transmitter.o] Error 1
07:59:47 **** Auto Build of configuration Debug for project Consolidated_330_SW ****
make all 
'Building file: ../src/Milestone_3/transmitter.c'
'Invoking: ARM g++ compiler'
arm-xilinx-eabi-g++ -Wall -O3 -finline-functions -g3 -I"F:\ECEn390\myLaserTag\Consolidated_330_SW" -c -fmessage-length=0 -MT"src/Milestone_3/transmitter.o" -I../../HW3_bsp/ps7_cortexa9_0/include -MMD -MP -MF"src/Milestone_3/transmitter.d" -MT"src/Milestone_3/transmitter.d" -o "src/Milestone_3/transmitter.o" "../src/Milestone_3/transmitter.c"
'Finished building: ../src/Milestone_3/transmitter.c'
' '
'Building target: Consolidated_330_SW.elf'
'Invoking: ARM g++ linker'
arm-xilinx-eabi-g++ -Wl,-T -Wl,../src/lscript.ld -L../../HW3_bsp/ps7_cortexa9_0/lib -o "Consolidated_330_SW.elf"  ./supportFiles/Adafruit_GFX.o ./supportFiles/Adafruit_STMPE610.o ./supportFiles/Adafruit_TFTLCD.o ./supportFiles/Print.o ./supportFiles/WString.o ./supportFiles/buttons.o ./supportFiles/circularBuffer.o ./supportFiles/display.o ./supportFiles/glcdfont.o ./supportFiles/globalTimer.o ./supportFiles/interrupts.o ./supportFiles/intervalTimer.o ./supportFiles/lcd.o ./supportFiles/leds.o ./supportFiles/mio.o ./supportFiles/new.o ./supportFiles/spi.o ./supportFiles/switches.o ./supportFiles/utils.o  ./src/Queue/.metadata/.plugins/org.eclipse.cdt.make.core/specs.o  ./src/Queue/queue.o  ./src/Milestone_3/detector.o ./src/Milestone_3/filter.o ./src/Milestone_3/histogram.o ./src/Milestone_3/hitLedTimer.o ./src/Milestone_3/isr.o ./src/Milestone_3/lockoutTimer.o ./src/Milestone_3/main.o ./src/Milestone_3/transmitter.o ./src/Milestone_3/trigger.o   -Wl,--start-group,-lxil,-lgcc,-lc,-lstdc++,--end-group
'Finished building target: Consolidated_330_SW.elf'
' '
'Invoking: ARM Print Size'
arm-xilinx-eabi-size Consolidated_330_SW.elf  |tee "Consolidated_330_SW.elf.size"
   text	   data	    bss	    dec	    hex	filename
 219616	   6776	12411304	12637696	 c0d600	Consolidated_330_SW.elf
'Finished building: Consolidated_330_SW.elf.size'
' '
08:00:46 **** Incremental Build of configuration Debug for project Consolidated_330_SW ****
make all 
make: Nothing to be done for `all'.
08:00:48 **** Incremental Build of configuration Debug for project zynq_fsbl ****
make all 
make: Nothing to be done for `all'.
08:13:23 **** Auto Build of configuration Debug for project Consolidated_330_SW ****
make all 
'Building file: ../src/Milestone_3/detector.c'
'Invoking: ARM g++ compiler'
arm-xilinx-eabi-g++ -Wall -O3 -finline-functions -g3 -I"F:\ECEn390\myLaserTag\Consolidated_330_SW" -c -fmessage-length=0 -MT"src/Milestone_3/detector.o" -I../../HW3_bsp/ps7_cortexa9_0/include -MMD -MP -MF"src/Milestone_3/detector.d" -MT"src/Milestone_3/detector.d" -o "src/Milestone_3/detector.o" "../src/Milestone_3/detector.c"
../src/Milestone_3/detector.c: In function 'queue_t* detector_getDebugQueue()':
../src/Milestone_3/detector.c:46:1: warning: no return statement in function returning non-void [-Wreturn-type]
 }
 ^
'Finished building: ../src/Milestone_3/detector.c'
' '
'Building target: Consolidated_330_SW.elf'
'Invoking: ARM g++ linker'
arm-xilinx-eabi-g++ -Wl,-T -Wl,../src/lscript.ld -L../../HW3_bsp/ps7_cortexa9_0/lib -o "Consolidated_330_SW.elf"  ./supportFiles/Adafruit_GFX.o ./supportFiles/Adafruit_STMPE610.o ./supportFiles/Adafruit_TFTLCD.o ./supportFiles/Print.o ./supportFiles/WString.o ./supportFiles/buttons.o ./supportFiles/circularBuffer.o ./supportFiles/display.o ./supportFiles/glcdfont.o ./supportFiles/globalTimer.o ./supportFiles/interrupts.o ./supportFiles/intervalTimer.o ./supportFiles/lcd.o ./supportFiles/leds.o ./supportFiles/mio.o ./supportFiles/new.o ./supportFiles/spi.o ./supportFiles/switches.o ./supportFiles/utils.o  ./src/Queue/.metadata/.plugins/org.eclipse.cdt.make.core/specs.o  ./src/Queue/queue.o  ./src/Milestone_3/detector.o ./src/Milestone_3/filter.o ./src/Milestone_3/histogram.o ./src/Milestone_3/hitLedTimer.o ./src/Milestone_3/isr.o ./src/Milestone_3/lockoutTimer.o ./src/Milestone_3/main.o ./src/Milestone_3/transmitter.o ./src/Milestone_3/trigger.o   -Wl,--start-group,-lxil,-lgcc,-lc,-lstdc++,--end-group
'Finished building target: Consolidated_330_SW.elf'
' '
'Invoking: ARM Print Size'
arm-xilinx-eabi-size Consolidated_330_SW.elf  |tee "Consolidated_330_SW.elf.size"
   text	   data	    bss	    dec	    hex	filename
 221144	   6776	12411304	12639224	 c0dbf8	Consolidated_330_SW.elf
'Finished building: Consolidated_330_SW.elf.size'
' '
08:13:32 **** Incremental Build of configuration Debug for project Consolidated_330_SW ****
make all 
make: Nothing to be done for `all'.
08:13:36 **** Incremental Build of configuration Debug for project zynq_fsbl ****
make all 
make: Nothing to be done for `all'.
08:23:21 **** Auto Build of configuration Debug for project Consolidated_330_SW ****
make all 
'Building file: ../src/Milestone_3/detector.c'
'Invoking: ARM g++ compiler'
arm-xilinx-eabi-g++ -Wall -O3 -finline-functions -g3 -I"F:\ECEn390\myLaserTag\Consolidated_330_SW" -c -fmessage-length=0 -MT"src/Milestone_3/detector.o" -I../../HW3_bsp/ps7_cortexa9_0/include -MMD -MP -MF"src/Milestone_3/detector.d" -MT"src/Milestone_3/detector.d" -o "src/Milestone_3/detector.o" "../src/Milestone_3/detector.c"
../src/Milestone_3/detector.c: In function 'queue_t* detector_getDebugQueue()':
../src/Milestone_3/detector.c:46:1: warning: no return statement in function returning non-void [-Wreturn-type]
 }
 ^
'Finished building: ../src/Milestone_3/detector.c'
' '
'Building target: Consolidated_330_SW.elf'
'Invoking: ARM g++ linker'
arm-xilinx-eabi-g++ -Wl,-T -Wl,../src/lscript.ld -L../../HW3_bsp/ps7_cortexa9_0/lib -o "Consolidated_330_SW.elf"  ./supportFiles/Adafruit_GFX.o ./supportFiles/Adafruit_STMPE610.o ./supportFiles/Adafruit_TFTLCD.o ./supportFiles/Print.o ./supportFiles/WString.o ./supportFiles/buttons.o ./supportFiles/circularBuffer.o ./supportFiles/display.o ./supportFiles/glcdfont.o ./supportFiles/globalTimer.o ./supportFiles/interrupts.o ./supportFiles/intervalTimer.o ./supportFiles/lcd.o ./supportFiles/leds.o ./supportFiles/mio.o ./supportFiles/new.o ./supportFiles/spi.o ./supportFiles/switches.o ./supportFiles/utils.o  ./src/Queue/.metadata/.plugins/org.eclipse.cdt.make.core/specs.o  ./src/Queue/queue.o  ./src/Milestone_3/detector.o ./src/Milestone_3/filter.o ./src/Milestone_3/histogram.o ./src/Milestone_3/hitLedTimer.o ./src/Milestone_3/isr.o ./src/Milestone_3/lockoutTimer.o ./src/Milestone_3/main.o ./src/Milestone_3/transmitter.o ./src/Milestone_3/trigger.o   -Wl,--start-group,-lxil,-lgcc,-lc,-lstdc++,--end-group
'Finished building target: Consolidated_330_SW.elf'
' '
'Invoking: ARM Print Size'
arm-xilinx-eabi-size Consolidated_330_SW.elf  |tee "Consolidated_330_SW.elf.size"
   text	   data	    bss	    dec	    hex	filename
 219924	   6776	12411304	12638004	 c0d734	Consolidated_330_SW.elf
'Finished building: Consolidated_330_SW.elf.size'
' '
08:23:30 **** Auto Build of configuration Debug for project Consolidated_330_SW ****
make all 
'Building file: ../src/Milestone_3/transmitter.c'
'Invoking: ARM g++ compiler'
arm-xilinx-eabi-g++ -Wall -O3 -finline-functions -g3 -I"F:\ECEn390\myLaserTag\Consolidated_330_SW" -c -fmessage-length=0 -MT"src/Milestone_3/transmitter.o" -I../../HW3_bsp/ps7_cortexa9_0/include -MMD -MP -MF"src/Milestone_3/transmitter.d" -MT"src/Milestone_3/transmitter.d" -o "src/Milestone_3/transmitter.o" "../src/Milestone_3/transmitter.c"
'Finished building: ../src/Milestone_3/transmitter.c'
' '
'Building target: Consolidated_330_SW.elf'
'Invoking: ARM g++ linker'
arm-xilinx-eabi-g++ -Wl,-T -Wl,../src/lscript.ld -L../../HW3_bsp/ps7_cortexa9_0/lib -o "Consolidated_330_SW.elf"  ./supportFiles/Adafruit_GFX.o ./supportFiles/Adafruit_STMPE610.o ./supportFiles/Adafruit_TFTLCD.o ./supportFiles/Print.o ./supportFiles/WString.o ./supportFiles/buttons.o ./supportFiles/circularBuffer.o ./supportFiles/display.o ./supportFiles/glcdfont.o ./supportFiles/globalTimer.o ./supportFiles/interrupts.o ./supportFiles/intervalTimer.o ./supportFiles/lcd.o ./supportFiles/leds.o ./supportFiles/mio.o ./supportFiles/new.o ./supportFiles/spi.o ./supportFiles/switches.o ./supportFiles/utils.o  ./src/Queue/.metadata/.plugins/org.eclipse.cdt.make.core/specs.o  ./src/Queue/queue.o  ./src/Milestone_3/detector.o ./src/Milestone_3/filter.o ./src/Milestone_3/histogram.o ./src/Milestone_3/hitLedTimer.o ./src/Milestone_3/isr.o ./src/Milestone_3/lockoutTimer.o ./src/Milestone_3/main.o ./src/Milestone_3/transmitter.o ./src/Milestone_3/trigger.o   -Wl,--start-group,-lxil,-lgcc,-lc,-lstdc++,--end-group
'Finished building target: Consolidated_330_SW.elf'
' '
'Invoking: ARM Print Size'
arm-xilinx-eabi-size Consolidated_330_SW.elf  |tee "Consolidated_330_SW.elf.size"
   text	   data	    bss	    dec	    hex	filename
 219924	   6776	12411304	12638004	 c0d734	Consolidated_330_SW.elf
'Finished building: Consolidated_330_SW.elf.size'
' '
08:23:43 **** Incremental Build of configuration Debug for project Consolidated_330_SW ****
make all 
make: Nothing to be done for `all'.
08:23:46 **** Incremental Build of configuration Debug for project zynq_fsbl ****
make all 
make: Nothing to be done for `all'.
09:09:40 **** Auto Build of configuration Debug for project Consolidated_330_SW ****
make all 
'Building file: ../src/Milestone_3/detector.c'
'Invoking: ARM g++ compiler'
arm-xilinx-eabi-g++ -Wall -O3 -finline-functions -g3 -I"F:\ECEn390\myLaserTag\Consolidated_330_SW" -c -fmessage-length=0 -MT"src/Milestone_3/detector.o" -I../../HW3_bsp/ps7_cortexa9_0/include -MMD -MP -MF"src/Milestone_3/detector.d" -MT"src/Milestone_3/detector.d" -o "src/Milestone_3/detector.o" "../src/Milestone_3/detector.c"
../src/Milestone_3/detector.c: In function 'queue_t* detector_getDebugQueue()':
../src/Milestone_3/detector.c:49:1: warning: no return statement in function returning non-void [-Wreturn-type]
 }
 ^
'Finished building: ../src/Milestone_3/detector.c'
' '
'Building target: Consolidated_330_SW.elf'
'Invoking: ARM g++ linker'
arm-xilinx-eabi-g++ -Wl,-T -Wl,../src/lscript.ld -L../../HW3_bsp/ps7_cortexa9_0/lib -o "Consolidated_330_SW.elf"  ./supportFiles/Adafruit_GFX.o ./supportFiles/Adafruit_STMPE610.o ./supportFiles/Adafruit_TFTLCD.o ./supportFiles/Print.o ./supportFiles/WString.o ./supportFiles/buttons.o ./supportFiles/circularBuffer.o ./supportFiles/display.o ./supportFiles/glcdfont.o ./supportFiles/globalTimer.o ./supportFiles/interrupts.o ./supportFiles/intervalTimer.o ./supportFiles/lcd.o ./supportFiles/leds.o ./supportFiles/mio.o ./supportFiles/new.o ./supportFiles/spi.o ./supportFiles/switches.o ./supportFiles/utils.o  ./src/Queue/.metadata/.plugins/org.eclipse.cdt.make.core/specs.o  ./src/Queue/queue.o  ./src/Milestone_3/detector.o ./src/Milestone_3/filter.o ./src/Milestone_3/histogram.o ./src/Milestone_3/hitLedTimer.o ./src/Milestone_3/isr.o ./src/Milestone_3/lockoutTimer.o ./src/Milestone_3/main.o ./src/Milestone_3/transmitter.o ./src/Milestone_3/trigger.o   -Wl,--start-group,-lxil,-lgcc,-lc,-lstdc++,--end-group
'Finished building target: Consolidated_330_SW.elf'
' '
'Invoking: ARM Print Size'
arm-xilinx-eabi-size Consolidated_330_SW.elf  |tee "Consolidated_330_SW.elf.size"
   text	   data	    bss	    dec	    hex	filename
 220056	   6776	12411288	12638120	 c0d7a8	Consolidated_330_SW.elf
'Finished building: Consolidated_330_SW.elf.size'
' '
09:10:23 **** Incremental Build of configuration Debug for project Consolidated_330_SW ****
make all 
make: Nothing to be done for `all'.
09:10:26 **** Incremental Build of configuration Debug for project zynq_fsbl ****
make all 
make: Nothing to be done for `all'.
09:11:06 **** Incremental Build of configuration Debug for project Consolidated_330_SW ****
make all 
make: Nothing to be done for `all'.
09:11:08 **** Incremental Build of configuration Debug for project zynq_fsbl ****
make all 
make: Nothing to be done for `all'.
09:55:43 **** Incremental Build of configuration Debug for project Consolidated_330_SW ****
make all 
make: Nothing to be done for `all'.
09:55:46 **** Incremental Build of configuration Debug for project zynq_fsbl ****
make all 
make: Nothing to be done for `all'.
09:56:13 **** Incremental Build of configuration Debug for project Consolidated_330_SW ****
make all 
make: Nothing to be done for `all'.
09:56:15 **** Incremental Build of configuration Debug for project zynq_fsbl ****
make all 
make: Nothing to be done for `all'.
09:56:39 **** Incremental Build of configuration Debug for project Consolidated_330_SW ****
make all 
make: Nothing to be done for `all'.
09:56:42 **** Incremental Build of configuration Debug for project zynq_fsbl ****
make all 
make: Nothing to be done for `all'.
09:57:08 **** Incremental Build of configuration Debug for project Consolidated_330_SW ****
make all 
make: Nothing to be done for `all'.
09:57:10 **** Incremental Build of configuration Debug for project zynq_fsbl ****
make all 
make: Nothing to be done for `all'.
09:57:26 **** Incremental Build of configuration Debug for project Consolidated_330_SW ****
make all 
make: Nothing to be done for `all'.
09:57:28 **** Incremental Build of configuration Debug for project zynq_fsbl ****
make all 
make: Nothing to be done for `all'.
11:07:33 **** Clean-only build of configuration Debug for project Consolidated_330_SW ****
make clean 
rm -rf  ./supportFiles/Adafruit_GFX.o ./supportFiles/Adafruit_STMPE610.o ./supportFiles/Adafruit_TFTLCD.o ./supportFiles/Print.o ./supportFiles/WString.o ./supportFiles/buttons.o ./supportFiles/circularBuffer.o ./supportFiles/display.o ./supportFiles/glcdfont.o ./supportFiles/globalTimer.o ./supportFiles/interrupts.o ./supportFiles/intervalTimer.o ./supportFiles/lcd.o ./supportFiles/leds.o ./supportFiles/mio.o ./supportFiles/new.o ./supportFiles/spi.o ./supportFiles/switches.o ./supportFiles/utils.o  ./src/Queue/.metadata/.plugins/org.eclipse.cdt.make.core/specs.o  ./src/Queue/queue.o  ./src/Milestone_3/detector.o ./src/Milestone_3/filter.o ./src/Milestone_3/histogram.o ./src/Milestone_3/hitLedTimer.o ./src/Milestone_3/isr.o ./src/Milestone_3/lockoutTimer.o ./src/Milestone_3/main.o ./src/Milestone_3/transmitter.o ./src/Milestone_3/trigger.o  ./supportFiles/buttons.d ./supportFiles/circularBuffer.d ./supportFiles/glcdfont.d ./supportFiles/globalTimer.d ./supportFiles/interrupts.d ./supportFiles/intervalTimer.d ./supportFiles/lcd.d ./supportFiles/leds.d ./supportFiles/mio.d ./supportFiles/spi.d ./supportFiles/switches.d  ./src/Queue/.metadata/.plugins/org.eclipse.cdt.make.core/specs.d  ./src/Queue/queue.d  ./src/Milestone_3/detector.d ./src/Milestone_3/filter.d ./src/Milestone_3/histogram.d ./src/Milestone_3/hitLedTimer.d ./src/Milestone_3/isr.d ./src/Milestone_3/lockoutTimer.d ./src/Milestone_3/main.d ./src/Milestone_3/transmitter.d ./src/Milestone_3/trigger.d  ./supportFiles/Adafruit_GFX.d ./supportFiles/Adafruit_STMPE610.d ./supportFiles/Adafruit_TFTLCD.d ./supportFiles/Print.d ./supportFiles/WString.d ./supportFiles/display.d ./supportFiles/new.d ./supportFiles/utils.d  ./src/Queue/.metadata/.plugins/org.eclipse.cdt.make.core/specs.d  Consolidated_330_SW.elf.size  Consolidated_330_SW.elf
' '
11:07:35 **** Auto Build of configuration Debug for project Consolidated_330_SW ****
make all 
'Building file: ../supportFiles/Adafruit_GFX.cpp'
'Invoking: ARM g++ compiler'
arm-xilinx-eabi-g++ -Wall -O3 -finline-functions -g3 -I"F:\ECEn390\myLaserTag\Consolidated_330_SW" -c -fmessage-length=0 -MT"supportFiles/Adafruit_GFX.o" -I../../HW3_bsp/ps7_cortexa9_0/include -MMD -MP -MF"supportFiles/Adafruit_GFX.d" -MT"supportFiles/Adafruit_GFX.d" -o "supportFiles/Adafruit_GFX.o" "../supportFiles/Adafruit_GFX.cpp"
'Finished building: ../supportFiles/Adafruit_GFX.cpp'
' '
'Building file: ../supportFiles/Adafruit_STMPE610.cpp'
'Invoking: ARM g++ compiler'
arm-xilinx-eabi-g++ -Wall -O3 -finline-functions -g3 -I"F:\ECEn390\myLaserTag\Consolidated_330_SW" -c -fmessage-length=0 -MT"supportFiles/Adafruit_STMPE610.o" -I../../HW3_bsp/ps7_cortexa9_0/include -MMD -MP -MF"supportFiles/Adafruit_STMPE610.d" -MT"supportFiles/Adafruit_STMPE610.d" -o "supportFiles/Adafruit_STMPE610.o" "../supportFiles/Adafruit_STMPE610.cpp"
'Finished building: ../supportFiles/Adafruit_STMPE610.cpp'
' '
'Building file: ../supportFiles/Adafruit_TFTLCD.cpp'
'Invoking: ARM g++ compiler'
arm-xilinx-eabi-g++ -Wall -O3 -finline-functions -g3 -I"F:\ECEn390\myLaserTag\Consolidated_330_SW" -c -fmessage-length=0 -MT"supportFiles/Adafruit_TFTLCD.o" -I../../HW3_bsp/ps7_cortexa9_0/include -MMD -MP -MF"supportFiles/Adafruit_TFTLCD.d" -MT"supportFiles/Adafruit_TFTLCD.d" -o "supportFiles/Adafruit_TFTLCD.o" "../supportFiles/Adafruit_TFTLCD.cpp"
../supportFiles/Adafruit_TFTLCD.cpp: In member function 'void Adafruit_TFTLCD::begin(short unsigned int)':
../supportFiles/Adafruit_TFTLCD.cpp:256:14: warning: unused variable 'a' [-Wunused-variable]
     uint16_t a, d;
              ^
../supportFiles/Adafruit_TFTLCD.cpp:256:17: warning: unused variable 'd' [-Wunused-variable]
     uint16_t a, d;
                 ^
../supportFiles/Adafruit_TFTLCD.cpp: In member function 'void Adafruit_TFTLCD::setRotation(unsigned char)':
../supportFiles/Adafruit_TFTLCD.cpp:753:13: warning: 't' may be used uninitialized in this function [-Wmaybe-uninitialized]
    uint16_t t;
             ^
'Finished building: ../supportFiles/Adafruit_TFTLCD.cpp'
' '
'Building file: ../supportFiles/Print.cpp'
'Invoking: ARM g++ compiler'
arm-xilinx-eabi-g++ -Wall -O3 -finline-functions -g3 -I"F:\ECEn390\myLaserTag\Consolidated_330_SW" -c -fmessage-length=0 -MT"supportFiles/Print.o" -I../../HW3_bsp/ps7_cortexa9_0/include -MMD -MP -MF"supportFiles/Print.d" -MT"supportFiles/Print.d" -o "supportFiles/Print.o" "../supportFiles/Print.cpp"
'Finished building: ../supportFiles/Print.cpp'
' '
'Building file: ../supportFiles/WString.cpp'
'Invoking: ARM g++ compiler'
arm-xilinx-eabi-g++ -Wall -O3 -finline-functions -g3 -I"F:\ECEn390\myLaserTag\Consolidated_330_SW" -c -fmessage-length=0 -MT"supportFiles/WString.o" -I../../HW3_bsp/ps7_cortexa9_0/include -MMD -MP -MF"supportFiles/WString.d" -MT"supportFiles/WString.d" -o "supportFiles/WString.o" "../supportFiles/WString.cpp"
'Finished building: ../supportFiles/WString.cpp'
' '
'Building file: ../supportFiles/buttons.c'
'Invoking: ARM g++ compiler'
arm-xilinx-eabi-g++ -Wall -O3 -finline-functions -g3 -I"F:\ECEn390\myLaserTag\Consolidated_330_SW" -c -fmessage-length=0 -MT"supportFiles/buttons.o" -I../../HW3_bsp/ps7_cortexa9_0/include -MMD -MP -MF"supportFiles/buttons.d" -MT"supportFiles/buttons.d" -o "supportFiles/buttons.o" "../supportFiles/buttons.c"
'Finished building: ../supportFiles/buttons.c'
' '
'Building file: ../supportFiles/circularBuffer.c'
'Invoking: ARM g++ compiler'
arm-xilinx-eabi-g++ -Wall -O3 -finline-functions -g3 -I"F:\ECEn390\myLaserTag\Consolidated_330_SW" -c -fmessage-length=0 -MT"supportFiles/circularBuffer.o" -I../../HW3_bsp/ps7_cortexa9_0/include -MMD -MP -MF"supportFiles/circularBuffer.d" -MT"supportFiles/circularBuffer.d" -o "supportFiles/circularBuffer.o" "../supportFiles/circularBuffer.c"
'Finished building: ../supportFiles/circularBuffer.c'
' '
'Building file: ../supportFiles/display.cpp'
'Invoking: ARM g++ compiler'
arm-xilinx-eabi-g++ -Wall -O3 -finline-functions -g3 -I"F:\ECEn390\myLaserTag\Consolidated_330_SW" -c -fmessage-length=0 -MT"supportFiles/display.o" -I../../HW3_bsp/ps7_cortexa9_0/include -MMD -MP -MF"supportFiles/display.d" -MT"supportFiles/display.d" -o "supportFiles/display.o" "../supportFiles/display.cpp"
'Finished building: ../supportFiles/display.cpp'
' '
[...]
"Running Make include in ps7_cortexa9_0/libsrc/gpiops_v2_1/src"
make -C ps7_cortexa9_0/libsrc/gpiops_v2_1/src -s include  "SHELL=CMD" "COMPILER=arm-xilinx-eabi-gcc" "ARCHIVER=arm-xilinx-eabi-ar" "COMPILER_FLAGS=  -O2 -c" "EXTRA_COMPILER_FLAGS=-g"
"Running Make include in ps7_cortexa9_0/libsrc/iicps_v2_1/src"
make -C ps7_cortexa9_0/libsrc/iicps_v2_1/src -s include  "SHELL=CMD" "COMPILER=arm-xilinx-eabi-gcc" "ARCHIVER=arm-xilinx-eabi-ar" "COMPILER_FLAGS=  -O2 -c" "EXTRA_COMPILER_FLAGS=-g"
"Running Make include in ps7_cortexa9_0/libsrc/qspips_v3_0/src"
make -C ps7_cortexa9_0/libsrc/qspips_v3_0/src -s include  "SHELL=CMD" "COMPILER=arm-xilinx-eabi-gcc" "ARCHIVER=arm-xilinx-eabi-ar" "COMPILER_FLAGS=  -O2 -c" "EXTRA_COMPILER_FLAGS=-g"
"Running Make include in ps7_cortexa9_0/libsrc/scugic_v2_1/src"
make -C ps7_cortexa9_0/libsrc/scugic_v2_1/src -s include  "SHELL=CMD" "COMPILER=arm-xilinx-eabi-gcc" "ARCHIVER=arm-xilinx-eabi-ar" "COMPILER_FLAGS=  -O2 -c" "EXTRA_COMPILER_FLAGS=-g"
"Running Make include in ps7_cortexa9_0/libsrc/scutimer_v2_0/src"
make -C ps7_cortexa9_0/libsrc/scutimer_v2_0/src -s include  "SHELL=CMD" "COMPILER=arm-xilinx-eabi-gcc" "ARCHIVER=arm-xilinx-eabi-ar" "COMPILER_FLAGS=  -O2 -c" "EXTRA_COMPILER_FLAGS=-g"
"Running Make include in ps7_cortexa9_0/libsrc/scuwdt_v2_0/src"
make -C ps7_cortexa9_0/libsrc/scuwdt_v2_0/src -s include  "SHELL=CMD" "COMPILER=arm-xilinx-eabi-gcc" "ARCHIVER=arm-xilinx-eabi-ar" "COMPILER_FLAGS=  -O2 -c" "EXTRA_COMPILER_FLAGS=-g"
"Running Make include in ps7_cortexa9_0/libsrc/sdps_v2_1/src"
make -C ps7_cortexa9_0/libsrc/sdps_v2_1/src -s include  "SHELL=CMD" "COMPILER=arm-xilinx-eabi-gcc" "ARCHIVER=arm-xilinx-eabi-ar" "COMPILER_FLAGS=  -O2 -c" "EXTRA_COMPILER_FLAGS=-g"
"Running Make include in ps7_cortexa9_0/libsrc/spi_v4_0/src"
make -C ps7_cortexa9_0/libsrc/spi_v4_0/src -s include  "SHELL=CMD" "COMPILER=arm-xilinx-eabi-gcc" "ARCHIVER=arm-xilinx-eabi-ar" "COMPILER_FLAGS=  -O2 -c" "EXTRA_COMPILER_FLAGS=-g"
"Running Make include in ps7_cortexa9_0/libsrc/standalone_v4_1/src"
make -C ps7_cortexa9_0/libsrc/standalone_v4_1/src -s include  "SHELL=CMD" "COMPILER=arm-xilinx-eabi-gcc" "ARCHIVER=arm-xilinx-eabi-ar" "COMPILER_FLAGS=  -O2 -c" "EXTRA_COMPILER_FLAGS=-g"
"Running Make include in ps7_cortexa9_0/libsrc/sysmon_v6_0/src"
make -C ps7_cortexa9_0/libsrc/sysmon_v6_0/src -s include  "SHELL=CMD" "COMPILER=arm-xilinx-eabi-gcc" "ARCHIVER=arm-xilinx-eabi-ar" "COMPILER_FLAGS=  -O2 -c" "EXTRA_COMPILER_FLAGS=-g"
"Running Make include in ps7_cortexa9_0/libsrc/tmrctr_v3_0/src"
make -C ps7_cortexa9_0/libsrc/tmrctr_v3_0/src -s include  "SHELL=CMD" "COMPILER=arm-xilinx-eabi-gcc" "ARCHIVER=arm-xilinx-eabi-ar" "COMPILER_FLAGS=  -O2 -c" "EXTRA_COMPILER_FLAGS=-g"
"Running Make include in ps7_cortexa9_0/libsrc/uartlite_v3_0/src"
make -C ps7_cortexa9_0/libsrc/uartlite_v3_0/src -s include  "SHELL=CMD" "COMPILER=arm-xilinx-eabi-gcc" "ARCHIVER=arm-xilinx-eabi-ar" "COMPILER_FLAGS=  -O2 -c" "EXTRA_COMPILER_FLAGS=-g"
"Running Make include in ps7_cortexa9_0/libsrc/uartps_v2_1/src"
make -C ps7_cortexa9_0/libsrc/uartps_v2_1/src -s include  "SHELL=CMD" "COMPILER=arm-xilinx-eabi-gcc" "ARCHIVER=arm-xilinx-eabi-ar" "COMPILER_FLAGS=  -O2 -c" "EXTRA_COMPILER_FLAGS=-g"
"Running Make include in ps7_cortexa9_0/libsrc/usbps_v2_1/src"
make -C ps7_cortexa9_0/libsrc/usbps_v2_1/src -s include  "SHELL=CMD" "COMPILER=arm-xilinx-eabi-gcc" "ARCHIVER=arm-xilinx-eabi-ar" "COMPILER_FLAGS=  -O2 -c" "EXTRA_COMPILER_FLAGS=-g"
"Running Make include in ps7_cortexa9_0/libsrc/xilffs_v2_1/src"
make -C ps7_cortexa9_0/libsrc/xilffs_v2_1/src -s include  "SHELL=CMD" "COMPILER=arm-xilinx-eabi-gcc" "ARCHIVER=arm-xilinx-eabi-ar" "COMPILER_FLAGS=  -O2 -c" "EXTRA_COMPILER_FLAGS=-g"
"Running Make include in ps7_cortexa9_0/libsrc/xilrsa_v1_1/src"
make -C ps7_cortexa9_0/libsrc/xilrsa_v1_1/src -s include  "SHELL=CMD" "COMPILER=arm-xilinx-eabi-gcc" "ARCHIVER=arm-xilinx-eabi-ar" "COMPILER_FLAGS=  -O2 -c" "EXTRA_COMPILER_FLAGS=-g"
"Running Make libs in ps7_cortexa9_0/libsrc/cpu_cortexa9_v2_0/src"
make -C ps7_cortexa9_0/libsrc/cpu_cortexa9_v2_0/src -s libs  "SHELL=CMD" "COMPILER=arm-xilinx-eabi-gcc" "ARCHIVER=arm-xilinx-eabi-ar" "COMPILER_FLAGS=  -O2 -c" "EXTRA_COMPILER_FLAGS=-g"
"Compiling cpu_cortexa9"
"Running Make libs in ps7_cortexa9_0/libsrc/devcfg_v3_1/src"
make -C ps7_cortexa9_0/libsrc/devcfg_v3_1/src -s libs  "SHELL=CMD" "COMPILER=arm-xilinx-eabi-gcc" "ARCHIVER=arm-xilinx-eabi-ar" "COMPILER_FLAGS=  -O2 -c" "EXTRA_COMPILER_FLAGS=-g"
"Compiling devcfg"
arm-xilinx-eabi-ar: creating ../../../lib/libxil.a
"Running Make libs in ps7_cortexa9_0/libsrc/dmaps_v2_0/src"
make -C ps7_cortexa9_0/libsrc/dmaps_v2_0/src -s libs  "SHELL=CMD" "COMPILER=arm-xilinx-eabi-gcc" "ARCHIVER=arm-xilinx-eabi-ar" "COMPILER_FLAGS=  -O2 -c" "EXTRA_COMPILER_FLAGS=-g"
"Compiling dmaps"
"Running Make libs in ps7_cortexa9_0/libsrc/emacps_v2_0/src"
make -C ps7_cortexa9_0/libsrc/emacps_v2_0/src -s libs  "SHELL=CMD" "COMPILER=arm-xilinx-eabi-gcc" "ARCHIVER=arm-xilinx-eabi-ar" "COMPILER_FLAGS=  -O2 -c" "EXTRA_COMPILER_FLAGS=-g"
"Compiling emacps"
"Running Make libs in ps7_cortexa9_0/libsrc/gpio_v4_0/src"
make -C ps7_cortexa9_0/libsrc/gpio_v4_0/src -s libs  "SHELL=CMD" "COMPILER=arm-xilinx-eabi-gcc" "ARCHIVER=arm-xilinx-eabi-ar" "COMPILER_FLAGS=  -O2 -c" "EXTRA_COMPILER_FLAGS=-g"
"Compiling gpio"
"Running Make libs in ps7_cortexa9_0/libsrc/gpiops_v2_1/src"
make -C ps7_cortexa9_0/libsrc/gpiops_v2_1/src -s libs  "SHELL=CMD" "COMPILER=arm-xilinx-eabi-gcc" "ARCHIVER=arm-xilinx-eabi-ar" "COMPILER_FLAGS=  -O2 -c" "EXTRA_COMPILER_FLAGS=-g"
"Compiling gpiops"
"Running Make libs in ps7_cortexa9_0/libsrc/iicps_v2_1/src"
make -C ps7_cortexa9_0/libsrc/iicps_v2_1/src -s libs  "SHELL=CMD" "COMPILER=arm-xilinx-eabi-gcc" "ARCHIVER=arm-xilinx-eabi-ar" "COMPILER_FLAGS=  -O2 -c" "EXTRA_COMPILER_FLAGS=-g"
"Compiling iicps"
"Running Make libs in ps7_cortexa9_0/libsrc/qspips_v3_0/src"
make -C ps7_cortexa9_0/libsrc/qspips_v3_0/src -s libs  "SHELL=CMD" "COMPILER=arm-xilinx-eabi-gcc" "ARCHIVER=arm-xilinx-eabi-ar" "COMPILER_FLAGS=  -O2 -c" "EXTRA_COMPILER_FLAGS=-g"
"Compiling qspips"
"Running Make libs in ps7_cortexa9_0/libsrc/scugic_v2_1/src"
make -C ps7_cortexa9_0/libsrc/scugic_v2_1/src -s libs  "SHELL=CMD" "COMPILER=arm-xilinx-eabi-gcc" "ARCHIVER=arm-xilinx-eabi-ar" "COMPILER_FLAGS=  -O2 -c" "EXTRA_COMPILER_FLAGS=-g"
"Compiling scugic"
"Running Make libs in ps7_cortexa9_0/libsrc/scutimer_v2_0/src"
make -C ps7_cortexa9_0/libsrc/scutimer_v2_0/src -s libs  "SHELL=CMD" "COMPILER=arm-xilinx-eabi-gcc" "ARCHIVER=arm-xilinx-eabi-ar" "COMPILER_FLAGS=  -O2 -c" "EXTRA_COMPILER_FLAGS=-g"
"Compiling scutimer"
"Running Make libs in ps7_cortexa9_0/libsrc/scuwdt_v2_0/src"
make -C ps7_cortexa9_0/libsrc/scuwdt_v2_0/src -s libs  "SHELL=CMD" "COMPILER=arm-xilinx-eabi-gcc" "ARCHIVER=arm-xilinx-eabi-ar" "COMPILER_FLAGS=  -O2 -c" "EXTRA_COMPILER_FLAGS=-g"
"Compiling scuwdt"
"Running Make libs in ps7_cortexa9_0/libsrc/sdps_v2_1/src"
make -C ps7_cortexa9_0/libsrc/sdps_v2_1/src -s libs  "SHELL=CMD" "COMPILER=arm-xilinx-eabi-gcc" "ARCHIVER=arm-xilinx-eabi-ar" "COMPILER_FLAGS=  -O2 -c" "EXTRA_COMPILER_FLAGS=-g"
"Compiling sdps"
"Running Make libs in ps7_cortexa9_0/libsrc/spi_v4_0/src"
make -C ps7_cortexa9_0/libsrc/spi_v4_0/src -s libs  "SHELL=CMD" "COMPILER=arm-xilinx-eabi-gcc" "ARCHIVER=arm-xilinx-eabi-ar" "COMPILER_FLAGS=  -O2 -c" "EXTRA_COMPILER_FLAGS=-g"
"Compiling spi"
"Running Make libs in ps7_cortexa9_0/libsrc/standalone_v4_1/src"
make -C ps7_cortexa9_0/libsrc/standalone_v4_1/src -s libs  "SHELL=CMD" "COMPILER=arm-xilinx-eabi-gcc" "ARCHIVER=arm-xilinx-eabi-ar" "COMPILER_FLAGS=  -O2 -c" "EXTRA_COMPILER_FLAGS=-g"
"Compiling standalone"
"Running Make libs in ps7_cortexa9_0/libsrc/sysmon_v6_0/src"
make -C ps7_cortexa9_0/libsrc/sysmon_v6_0/src -s libs  "SHELL=CMD" "COMPILER=arm-xilinx-eabi-gcc" "ARCHIVER=arm-xilinx-eabi-ar" "COMPILER_FLAGS=  -O2 -c" "EXTRA_COMPILER_FLAGS=-g"
"Compiling sysmon"
"Running Make libs in ps7_cortexa9_0/libsrc/tmrctr_v3_0/src"
make -C ps7_cortexa9_0/libsrc/tmrctr_v3_0/src -s libs  "SHELL=CMD" "COMPILER=arm-xilinx-eabi-gcc" "ARCHIVER=arm-xilinx-eabi-ar" "COMPILER_FLAGS=  -O2 -c" "EXTRA_COMPILER_FLAGS=-g"
"Compiling tmrctr"
"Running Make libs in ps7_cortexa9_0/libsrc/uartlite_v3_0/src"
make -C ps7_cortexa9_0/libsrc/uartlite_v3_0/src -s libs  "SHELL=CMD" "COMPILER=arm-xilinx-eabi-gcc" "ARCHIVER=arm-xilinx-eabi-ar" "COMPILER_FLAGS=  -O2 -c" "EXTRA_COMPILER_FLAGS=-g"
"Compiling uartlite"
"Running Make libs in ps7_cortexa9_0/libsrc/uartps_v2_1/src"
make -C ps7_cortexa9_0/libsrc/uartps_v2_1/src -s libs  "SHELL=CMD" "COMPILER=arm-xilinx-eabi-gcc" "ARCHIVER=arm-xilinx-eabi-ar" "COMPILER_FLAGS=  -O2 -c" "EXTRA_COMPILER_FLAGS=-g"
"Compiling uartps"
"Running Make libs in ps7_cortexa9_0/libsrc/usbps_v2_1/src"
make -C ps7_cortexa9_0/libsrc/usbps_v2_1/src -s libs  "SHELL=CMD" "COMPILER=arm-xilinx-eabi-gcc" "ARCHIVER=arm-xilinx-eabi-ar" "COMPILER_FLAGS=  -O2 -c" "EXTRA_COMPILER_FLAGS=-g"
"Compiling usbps"
"Running Make libs in ps7_cortexa9_0/libsrc/xilffs_v2_1/src"
make -C ps7_cortexa9_0/libsrc/xilffs_v2_1/src -s libs  "SHELL=CMD" "COMPILER=arm-xilinx-eabi-gcc" "ARCHIVER=arm-xilinx-eabi-ar" "COMPILER_FLAGS=  -O2 -c" "EXTRA_COMPILER_FLAGS=-g"
"Compiling XilFFs Library"
"Creating archive libxilffs.a"
"Running Make libs in ps7_cortexa9_0/libsrc/xilrsa_v1_1/src"
make -C ps7_cortexa9_0/libsrc/xilrsa_v1_1/src -s libs  "SHELL=CMD" "COMPILER=arm-xilinx-eabi-gcc" "ARCHIVER=arm-xilinx-eabi-ar" "COMPILER_FLAGS=  -O2 -c" "EXTRA_COMPILER_FLAGS=-g"
'Finished building libraries'
11:41:36 **** Build of configuration Debug for project zynq_fsbl1 ****
make all 
'Building file: ../src/ddr_init.c'
'Invoking: ARM gcc compiler'
arm-xilinx-eabi-gcc -Wall -O0 -g3 -I"F:\ECEn390\myLaserTag\HWTest3_hw_platform" -c -fmessage-length=0 -I../../zynq_fsbl1_bsp/ps7_cortexa9_0/include -MMD -MP -MF"src/ddr_init.d" -MT"src/ddr_init.d" -o "src/ddr_init.o" "../src/ddr_init.c"
'Finished building: ../src/ddr_init.c'
' '
'Building file: ../src/fsbl_handoff.S'
'Invoking: ARM gcc compiler'
arm-xilinx-eabi-gcc -Wall -O0 -g3 -I"F:\ECEn390\myLaserTag\HWTest3_hw_platform" -c -fmessage-length=0 -I../../zynq_fsbl1_bsp/ps7_cortexa9_0/include -MMD -MP -MF"src/fsbl_handoff.d" -MT"src/fsbl_handoff.d" -o "src/fsbl_handoff.o" "../src/fsbl_handoff.S"
'Finished building: ../src/fsbl_handoff.S'
' '
'Building file: ../src/fsbl_hooks.c'
'Invoking: ARM gcc compiler'
arm-xilinx-eabi-gcc -Wall -O0 -g3 -I"F:\ECEn390\myLaserTag\HWTest3_hw_platform" -c -fmessage-length=0 -I../../zynq_fsbl1_bsp/ps7_cortexa9_0/include -MMD -MP -MF"src/fsbl_hooks.d" -MT"src/fsbl_hooks.d" -o "src/fsbl_hooks.o" "../src/fsbl_hooks.c"
'Finished building: ../src/fsbl_hooks.c'
' '
'Building file: ../src/image_mover.c'
'Invoking: ARM gcc compiler'
arm-xilinx-eabi-gcc -Wall -O0 -g3 -I"F:\ECEn390\myLaserTag\HWTest3_hw_platform" -c -fmessage-length=0 -I../../zynq_fsbl1_bsp/ps7_cortexa9_0/include -MMD -MP -MF"src/image_mover.d" -MT"src/image_mover.d" -o "src/image_mover.o" "../src/image_mover.c"
'Finished building: ../src/image_mover.c'
' '
'Building file: ../src/main.c'
'Invoking: ARM gcc compiler'
arm-xilinx-eabi-gcc -Wall -O0 -g3 -I"F:\ECEn390\myLaserTag\HWTest3_hw_platform" -c -fmessage-length=0 -I../../zynq_fsbl1_bsp/ps7_cortexa9_0/include -MMD -MP -MF"src/main.d" -MT"src/main.d" -o "src/main.o" "../src/main.c"
'Finished building: ../src/main.c'
' '
'Building file: ../src/md5.c'
'Invoking: ARM gcc compiler'
arm-xilinx-eabi-gcc -Wall -O0 -g3 -I"F:\ECEn390\myLaserTag\HWTest3_hw_platform" -c -fmessage-length=0 -I../../zynq_fsbl1_bsp/ps7_cortexa9_0/include -MMD -MP -MF"src/md5.d" -MT"src/md5.d" -o "src/md5.o" "../src/md5.c"
'Finished building: ../src/md5.c'
' '
'Building file: ../src/nand.c'
'Invoking: ARM gcc compiler'
arm-xilinx-eabi-gcc -Wall -O0 -g3 -I"F:\ECEn390\myLaserTag\HWTest3_hw_platform" -c -fmessage-length=0 -I../../zynq_fsbl1_bsp/ps7_cortexa9_0/include -MMD -MP -MF"src/nand.d" -MT"src/nand.d" -o "src/nand.o" "../src/nand.c"
'Finished building: ../src/nand.c'
' '
'Building file: ../src/nor.c'
'Invoking: ARM gcc compiler'
arm-xilinx-eabi-gcc -Wall -O0 -g3 -I"F:\ECEn390\myLaserTag\HWTest3_hw_platform" -c -fmessage-length=0 -I../../zynq_fsbl1_bsp/ps7_cortexa9_0/include -MMD -MP -MF"src/nor.d" -MT"src/nor.d" -o "src/nor.o" "../src/nor.c"
'Finished building: ../src/nor.c'
' '
'Building file: ../src/pcap.c'
'Invoking: ARM gcc compiler'
arm-xilinx-eabi-gcc -Wall -O0 -g3 -I"F:\ECEn390\myLaserTag\HWTest3_hw_platform" -c -fmessage-length=0 -I../../zynq_fsbl1_bsp/ps7_cortexa9_0/include -MMD -MP -MF"src/pcap.d" -MT"src/pcap.d" -o "src/pcap.o" "../src/pcap.c"
'Finished building: ../src/pcap.c'
' '
'Building file: F:/ECEn390/myLaserTag/HWTest3_hw_platform/ps7_init.c'
'Invoking: ARM gcc compiler'
arm-xilinx-eabi-gcc -Wall -O0 -g3 -I"F:\ECEn390\myLaserTag\HWTest3_hw_platform" -c -fmessage-length=0 -I../../zynq_fsbl1_bsp/ps7_cortexa9_0/include -MMD -MP -MF"src/ps7_init.d" -MT"src/ps7_init.d" -o "src/ps7_init.o" "F:/ECEn390/myLaserTag/HWTest3_hw_platform/ps7_init.c"
'Finished building: F:/ECEn390/myLaserTag/HWTest3_hw_platform/ps7_init.c'
' '
'Building file: ../src/qspi.c'
'Invoking: ARM gcc compiler'
arm-xilinx-eabi-gcc -Wall -O0 -g3 -I"F:\ECEn390\myLaserTag\HWTest3_hw_platform" -c -fmessage-length=0 -I../../zynq_fsbl1_bsp/ps7_cortexa9_0/include -MMD -MP -MF"src/qspi.d" -MT"src/qspi.d" -o "src/qspi.o" "../src/qspi.c"
'Finished building: ../src/qspi.c'
' '
'Building file: ../src/rsa.c'
'Invoking: ARM gcc compiler'
arm-xilinx-eabi-gcc -Wall -O0 -g3 -I"F:\ECEn390\myLaserTag\HWTest3_hw_platform" -c -fmessage-length=0 -I../../zynq_fsbl1_bsp/ps7_cortexa9_0/include -MMD -MP -MF"src/rsa.d" -MT"src/rsa.d" -o "src/rsa.o" "../src/rsa.c"
'Finished building: ../src/rsa.c'
' '
'Building file: ../src/sd.c'
'Invoking: ARM gcc compiler'
arm-xilinx-eabi-gcc -Wall -O0 -g3 -I"F:\ECEn390\myLaserTag\HWTest3_hw_platform" -c -fmessage-length=0 -I../../zynq_fsbl1_bsp/ps7_cortexa9_0/include -MMD -MP -MF"src/sd.d" -MT"src/sd.d" -o "src/sd.o" "../src/sd.c"
'Finished building: ../src/sd.c'
' '
'Building target: zynq_fsbl1.elf'
'Invoking: ARM gcc linker'
arm-xilinx-eabi-gcc -L"F:\ECEn390\myLaserTag\zynq_fsbl1\src" -Wl,-T -Wl,../src/lscript.ld -L../../zynq_fsbl1_bsp/ps7_cortexa9_0/lib -o "zynq_fsbl1.elf"  ./src/ddr_init.o ./src/fsbl_handoff.o ./src/fsbl_hooks.o ./src/image_mover.o ./src/main.o ./src/md5.o ./src/nand.o ./src/nor.o ./src/pcap.o ./src/ps7_init.o ./src/qspi.o ./src/rsa.o ./src/sd.o   -lrsa -Wl,--start-group,-lxil,-lgcc,-lc,--end-group -Wl,--start-group,-lxilffs,-lxil,-lgcc,-lc,--end-group -Wl,--start-group,-lrsa,-lxil,-lgcc,-lc,--end-group
'Finished building target: zynq_fsbl1.elf'
' '
'Invoking: ARM Print Size'
arm-xilinx-eabi-size zynq_fsbl1.elf  |tee "zynq_fsbl1.elf.size"
   text	   data	    bss	    dec	    hex	filename
  68576	   4516	  73316	 146408	  23be8	zynq_fsbl1.elf
'Finished building: zynq_fsbl1.elf.size'
' '
11:41:57 **** Auto Build of configuration Debug for project Consolidated_330_SW ****
make all 
make: Nothing to be done for `all'.
12:18:38 **** Auto Build of configuration Debug for project Consolidated_330_SW ****
make all 
'Building file: ../src/Milestone_3/detector.c'
'Invoking: ARM g++ compiler'
arm-xilinx-eabi-g++ -Wall -O3 -finline-functions -g3 -I"F:\ECEn390\myLaserTag\Consolidated_330_SW" -c -fmessage-length=0 -MT"src/Milestone_3/detector.o" -I../../HW3_bsp/ps7_cortexa9_0/include -MMD -MP -MF"src/Milestone_3/detector.d" -MT"src/Milestone_3/detector.d" -o "src/Milestone_3/detector.o" "../src/Milestone_3/detector.c"
../src/Milestone_3/detector.c: In function 'queue_t* detector_getDebugQueue()':
../src/Milestone_3/detector.c:46:1: warning: no return statement in function returning non-void [-Wreturn-type]
 }
 ^
'Finished building: ../src/Milestone_3/detector.c'
' '
'Building target: Consolidated_330_SW.elf'
'Invoking: ARM g++ linker'
arm-xilinx-eabi-g++ -Wl,-T -Wl,../src/lscript.ld -L../../HW3_bsp/ps7_cortexa9_0/lib -o "Consolidated_330_SW.elf"  ./supportFiles/Adafruit_GFX.o ./supportFiles/Adafruit_STMPE610.o ./supportFiles/Adafruit_TFTLCD.o ./supportFiles/Print.o ./supportFiles/WString.o ./supportFiles/buttons.o ./supportFiles/circularBuffer.o ./supportFiles/display.o ./supportFiles/glcdfont.o ./supportFiles/globalTimer.o ./supportFiles/interrupts.o ./supportFiles/intervalTimer.o ./supportFiles/lcd.o ./supportFiles/leds.o ./supportFiles/mio.o ./supportFiles/new.o ./supportFiles/spi.o ./supportFiles/switches.o ./supportFiles/utils.o  ./src/Queue/.metadata/.plugins/org.eclipse.cdt.make.core/specs.o  ./src/Queue/queue.o  ./src/Milestone_3/detector.o ./src/Milestone_3/filter.o ./src/Milestone_3/histogram.o ./src/Milestone_3/hitLedTimer.o ./src/Milestone_3/isr.o ./src/Milestone_3/lockoutTimer.o ./src/Milestone_3/main.o ./src/Milestone_3/playTone.o ./src/Milestone_3/sound.o ./src/Milestone_3/transmitter.o ./src/Milestone_3/trigger.o   -Wl,--start-group,-lxil,-lgcc,-lc,-lstdc++,--end-group
'Finished building target: Consolidated_330_SW.elf'
' '
'Invoking: ARM Print Size'
arm-xilinx-eabi-size Consolidated_330_SW.elf  |tee "Consolidated_330_SW.elf.size"
   text	   data	    bss	    dec	    hex	filename
 221312	   6776	12411328	12639416	 c0dcb8	Consolidated_330_SW.elf
'Finished building: Consolidated_330_SW.elf.size'
' '
12:20:09 **** Incremental Build of configuration Debug for project Consolidated_330_SW ****
make all 
make: Nothing to be done for `all'.
12:20:12 **** Incremental Build of configuration Debug for project zynq_fsbl1 ****
make all 
make: Nothing to be done for `all'.
12:25:06 **** Auto Build of configuration Debug for project Consolidated_330_SW ****
make all 
'Building file: ../src/Milestone_3/detector.c'
'Invoking: ARM g++ compiler'
arm-xilinx-eabi-g++ -Wall -O3 -finline-functions -g3 -I"F:\ECEn390\myLaserTag\Consolidated_330_SW" -c -fmessage-length=0 -MT"src/Milestone_3/detector.o" -I../../HW3_bsp/ps7_cortexa9_0/include -MMD -MP -MF"src/Milestone_3/detector.d" -MT"src/Milestone_3/detector.d" -o "src/Milestone_3/detector.o" "../src/Milestone_3/detector.c"
../src/Milestone_3/detector.c: In function 'queue_t* detector_getDebugQueue()':
../src/Milestone_3/detector.c:46:1: warning: no return statement in function returning non-void [-Wreturn-type]
 }
 ^
'Finished building: ../src/Milestone_3/detector.c'
' '
'Building target: Consolidated_330_SW.elf'
'Invoking: ARM g++ linker'
arm-xilinx-eabi-g++ -Wl,-T -Wl,../src/lscript.ld -L../../HW3_bsp/ps7_cortexa9_0/lib -o "Consolidated_330_SW.elf"  ./supportFiles/Adafruit_GFX.o ./supportFiles/Adafruit_STMPE610.o ./supportFiles/Adafruit_TFTLCD.o ./supportFiles/Print.o ./supportFiles/WString.o ./supportFiles/buttons.o ./supportFiles/circularBuffer.o ./supportFiles/display.o ./supportFiles/glcdfont.o ./supportFiles/globalTimer.o ./supportFiles/interrupts.o ./supportFiles/intervalTimer.o ./supportFiles/lcd.o ./supportFiles/leds.o ./supportFiles/mio.o ./supportFiles/new.o ./supportFiles/spi.o ./supportFiles/switches.o ./supportFiles/utils.o  ./src/Queue/.metadata/.plugins/org.eclipse.cdt.make.core/specs.o  ./src/Queue/queue.o  ./src/Milestone_3/detector.o ./src/Milestone_3/filter.o ./src/Milestone_3/histogram.o ./src/Milestone_3/hitLedTimer.o ./src/Milestone_3/isr.o ./src/Milestone_3/lockoutTimer.o ./src/Milestone_3/main.o ./src/Milestone_3/playTone.o ./src/Milestone_3/sound.o ./src/Milestone_3/transmitter.o ./src/Milestone_3/trigger.o   -Wl,--start-group,-lxil,-lgcc,-lc,-lstdc++,--end-group
'Finished building target: Consolidated_330_SW.elf'
' '
'Invoking: ARM Print Size'
arm-xilinx-eabi-size Consolidated_330_SW.elf  |tee "Consolidated_330_SW.elf.size"
   text	   data	    bss	    dec	    hex	filename
 221312	   6776	12411328	12639416	 c0dcb8	Consolidated_330_SW.elf
'Finished building: Consolidated_330_SW.elf.size'
' '
12:25:20 **** Incremental Build of configuration Debug for project Consolidated_330_SW ****
make all 
make: Nothing to be done for `all'.
12:25:24 **** Incremental Build of configuration Debug for project zynq_fsbl1 ****
make all 
make: Nothing to be done for `all'.
